Archive member included to satisfy reference by file (symbol)

/usr/lib/gcc/arm-none-eabi/13.2.1/../../../arm-none-eabi/lib/thumb/v7e-m+fp/hard/libc_nano.a(libc_a-init.o)
                              /usr/lib/gcc/arm-none-eabi/13.2.1/../../../arm-none-eabi/lib/thumb/v7e-m+fp/hard/crt0.o (__libc_init_array)
/usr/lib/gcc/arm-none-eabi/13.2.1/../../../arm-none-eabi/lib/thumb/v7e-m+fp/hard/libc_nano.a(libc_a-strlen.o)
                              build/SEGGER_RTT.o (strlen)
/usr/lib/gcc/arm-none-eabi/13.2.1/../../../arm-none-eabi/lib/thumb/v7e-m+fp/hard/libc_nano.a(libc_a-memset.o)
                              /usr/lib/gcc/arm-none-eabi/13.2.1/../../../arm-none-eabi/lib/thumb/v7e-m+fp/hard/crt0.o (memset)
/usr/lib/gcc/arm-none-eabi/13.2.1/../../../arm-none-eabi/lib/thumb/v7e-m+fp/hard/libc_nano.a(libc_a-errno.o)
                              build/syscalls.o (__errno)
/usr/lib/gcc/arm-none-eabi/13.2.1/../../../arm-none-eabi/lib/thumb/v7e-m+fp/hard/libc_nano.a(libc_a-memcpy.o)
                              build/queue.o (memcpy)
/usr/lib/gcc/arm-none-eabi/13.2.1/../../../arm-none-eabi/lib/thumb/v7e-m+fp/hard/libc_nano.a(libc_a-exit.o)
                              /usr/lib/gcc/arm-none-eabi/13.2.1/../../../arm-none-eabi/lib/thumb/v7e-m+fp/hard/crt0.o (exit)
/usr/lib/gcc/arm-none-eabi/13.2.1/../../../arm-none-eabi/lib/thumb/v7e-m+fp/hard/libc_nano.a(libc_a-atexit.o)
                              /usr/lib/gcc/arm-none-eabi/13.2.1/../../../arm-none-eabi/lib/thumb/v7e-m+fp/hard/crt0.o (atexit)
/usr/lib/gcc/arm-none-eabi/13.2.1/../../../arm-none-eabi/lib/thumb/v7e-m+fp/hard/libc_nano.a(libc_a-fini.o)
                              /usr/lib/gcc/arm-none-eabi/13.2.1/../../../arm-none-eabi/lib/thumb/v7e-m+fp/hard/crt0.o (__libc_fini_array)
/usr/lib/gcc/arm-none-eabi/13.2.1/../../../arm-none-eabi/lib/thumb/v7e-m+fp/hard/libc_nano.a(libc_a-impure.o)
                              /usr/lib/gcc/arm-none-eabi/13.2.1/../../../arm-none-eabi/lib/thumb/v7e-m+fp/hard/libc_nano.a(libc_a-errno.o) (_impure_ptr)
/usr/lib/gcc/arm-none-eabi/13.2.1/../../../arm-none-eabi/lib/thumb/v7e-m+fp/hard/libc_nano.a(libc_a-findfp.o)
                              /usr/lib/gcc/arm-none-eabi/13.2.1/../../../arm-none-eabi/lib/thumb/v7e-m+fp/hard/libc_nano.a(libc_a-exit.o) (__stdio_exit_handler)
/usr/lib/gcc/arm-none-eabi/13.2.1/../../../arm-none-eabi/lib/thumb/v7e-m+fp/hard/libc_nano.a(libc_a-fflush.o)
                              /usr/lib/gcc/arm-none-eabi/13.2.1/../../../arm-none-eabi/lib/thumb/v7e-m+fp/hard/libc_nano.a(libc_a-findfp.o) (_fflush_r)
/usr/lib/gcc/arm-none-eabi/13.2.1/../../../arm-none-eabi/lib/thumb/v7e-m+fp/hard/libc_nano.a(libc_a-mallocr.o)
                              /usr/lib/gcc/arm-none-eabi/13.2.1/../../../arm-none-eabi/lib/thumb/v7e-m+fp/hard/libc_nano.a(libc_a-findfp.o) (_malloc_r)
/usr/lib/gcc/arm-none-eabi/13.2.1/../../../arm-none-eabi/lib/thumb/v7e-m+fp/hard/libc_nano.a(libc_a-freer.o)
                              /usr/lib/gcc/arm-none-eabi/13.2.1/../../../arm-none-eabi/lib/thumb/v7e-m+fp/hard/libc_nano.a(libc_a-fflush.o) (_free_r)
/usr/lib/gcc/arm-none-eabi/13.2.1/../../../arm-none-eabi/lib/thumb/v7e-m+fp/hard/libc_nano.a(libc_a-fwalk.o)
                              /usr/lib/gcc/arm-none-eabi/13.2.1/../../../arm-none-eabi/lib/thumb/v7e-m+fp/hard/libc_nano.a(libc_a-findfp.o) (_fwalk_sglue)
/usr/lib/gcc/arm-none-eabi/13.2.1/../../../arm-none-eabi/lib/thumb/v7e-m+fp/hard/libc_nano.a(libc_a-__atexit.o)
                              /usr/lib/gcc/arm-none-eabi/13.2.1/../../../arm-none-eabi/lib/thumb/v7e-m+fp/hard/libc_nano.a(libc_a-atexit.o) (__register_exitproc)
/usr/lib/gcc/arm-none-eabi/13.2.1/../../../arm-none-eabi/lib/thumb/v7e-m+fp/hard/libc_nano.a(libc_a-mlock.o)
                              /usr/lib/gcc/arm-none-eabi/13.2.1/../../../arm-none-eabi/lib/thumb/v7e-m+fp/hard/libc_nano.a(libc_a-mallocr.o) (__malloc_lock)
/usr/lib/gcc/arm-none-eabi/13.2.1/../../../arm-none-eabi/lib/thumb/v7e-m+fp/hard/libc_nano.a(libc_a-sbrkr.o)
                              /usr/lib/gcc/arm-none-eabi/13.2.1/../../../arm-none-eabi/lib/thumb/v7e-m+fp/hard/libc_nano.a(libc_a-mallocr.o) (_sbrk_r)
/usr/lib/gcc/arm-none-eabi/13.2.1/../../../arm-none-eabi/lib/thumb/v7e-m+fp/hard/libc_nano.a(libc_a-stdio.o)
                              /usr/lib/gcc/arm-none-eabi/13.2.1/../../../arm-none-eabi/lib/thumb/v7e-m+fp/hard/libc_nano.a(libc_a-findfp.o) (__sread)
/usr/lib/gcc/arm-none-eabi/13.2.1/../../../arm-none-eabi/lib/thumb/v7e-m+fp/hard/libc_nano.a(libc_a-closer.o)
                              /usr/lib/gcc/arm-none-eabi/13.2.1/../../../arm-none-eabi/lib/thumb/v7e-m+fp/hard/libc_nano.a(libc_a-stdio.o) (_close_r)
/usr/lib/gcc/arm-none-eabi/13.2.1/../../../arm-none-eabi/lib/thumb/v7e-m+fp/hard/libc_nano.a(libc_a-__call_atexit.o)
                              /usr/lib/gcc/arm-none-eabi/13.2.1/../../../arm-none-eabi/lib/thumb/v7e-m+fp/hard/libc_nano.a(libc_a-__atexit.o) (__call_exitprocs)
[...]
Memory Configuration

Name             Origin             Length             Attributes
RAM              0x20000000         0x00020000         xrw
FLASH            0x08000000         0x00080000         xr
*default*        0x00000000         0xffffffff

Linker script and memory map

LOAD /usr/lib/gcc/arm-none-eabi/13.2.1/thumb/v7e-m+fp/hard/crti.o
LOAD /usr/lib/gcc/arm-none-eabi/13.2.1/thumb/v7e-m+fp/hard/crtbegin.o
LOAD /usr/lib/gcc/arm-none-eabi/13.2.1/../../../arm-none-eabi/lib/thumb/v7e-m+fp/hard/crt0.o
LOAD build/stm32f4xx_hal_pcd.o
LOAD build/stm32f4xx_hal_pcd_ex.o
LOAD build/stm32f4xx_ll_usb.o
LOAD build/stm32f4xx_hal_rcc.o
LOAD build/stm32f4xx_hal_rcc_ex.o
LOAD build/stm32f4xx_hal_flash.o
LOAD build/stm32f4xx_hal_flash_ex.o
LOAD build/stm32f4xx_hal_flash_ramfunc.o
LOAD build/stm32f4xx_hal_gpio.o
LOAD build/stm32f4xx_hal_dma_ex.o
LOAD build/stm32f4xx_hal_dma.o
LOAD build/stm32f4xx_hal_pwr.o
LOAD build/stm32f4xx_hal_pwr_ex.o
LOAD build/stm32f4xx_hal_cortex.o
LOAD build/stm32f4xx_hal.o
LOAD build/stm32f4xx_hal_exti.o
LOAD build/stm32f4xx_hal_crc.o
LOAD build/stm32f4xx_hal_spi.o
LOAD build/stm32f4xx_hal_tim.o
LOAD build/stm32f4xx_hal_tim_ex.o
LOAD build/system_stm32f4xx.o
LOAD build/usbd_core.o
LOAD build/usbd_ctlreq.o
LOAD build/usbd_ioreq.o
LOAD build/usbd_cdc.o
LOAD build/croutine.o
LOAD build/event_groups.o
LOAD build/list.o
LOAD build/queue.o
LOAD build/stream_buffer.o
LOAD build/tasks.o
LOAD build/timers.o
LOAD build/cmsis_os2.o
LOAD build/heap_4.o
LOAD build/port.o
LOAD build/crc.o
LOAD build/spi.o
LOAD build/stm32f4xx_it.o
LOAD build/stm32f4xx_hal_msp.o
LOAD build/clock.o
LOAD build/gpio.o
LOAD build/syscalls.o
LOAD build/sysmem.o
LOAD build/stm32f4xx_hal_timebase_tim.o
LOAD build/SEGGER_RTT.o
LOAD build/SEGGER_RTT_printf.o
LOAD build/SEGGER_RTT_Syscalls_GCC.o
LOAD build/utils.o
LOAD build/task_mgr.o
LOAD build/main.o
LOAD build/usb_mgr.o
LOAD build/usb_ctrl.o
LOAD build/usbd_desc.o
LOAD build/usbd_conf.o
LOAD build/startup_stm32f411xe.o
LOAD /usr/lib/gcc/arm-none-eabi/13.2.1/../../../arm-none-eabi/lib/thumb/v7e-m+fp/hard/libc_nano.a
LOAD /usr/lib/gcc/arm-none-eabi/13.2.1/../../../arm-none-eabi/lib/thumb/v7e-m+fp/hard/libm.a
LOAD /usr/lib/gcc/arm-none-eabi/13.2.1/../../../arm-none-eabi/lib/thumb/v7e-m+fp/hard/libnosys.a
START GROUP
LOAD /usr/lib/gcc/arm-none-eabi/13.2.1/thumb/v7e-m+fp/hard/libgcc.a
LOAD /usr/lib/gcc/arm-none-eabi/13.2.1/../../../arm-none-eabi/lib/thumb/v7e-m+fp/hard/libc_nano.a
END GROUP
START GROUP
LOAD /usr/lib/gcc/arm-none-eabi/13.2.1/thumb/v7e-m+fp/hard/libgcc.a
LOAD /usr/lib/gcc/arm-none-eabi/13.2.1/../../../arm-none-eabi/lib/thumb/v7e-m+fp/hard/libc_nano.a
END GROUP
LOAD /usr/lib/gcc/arm-none-eabi/13.2.1/thumb/v7e-m+fp/hard/crtend.o
LOAD /usr/lib/gcc/arm-none-eabi/13.2.1/thumb/v7e-m+fp/hard/crtn.o
                0x20020000                        _estack = (ORIGIN (RAM) + LENGTH (RAM))
                0x00000200                        _Min_Heap_Size = 0x200
                0x00000400                        _Min_Stack_Size = 0x400

.isr_vector     0x08000000      0x198
                0x08000000                        . = ALIGN (0x4)
 *(.isr_vector)
 .isr_vector    0x08000000      0x198 build/startup_stm32f411xe.o
                0x08000000                g_pfnVectors
                0x08000198                        . = ALIGN (0x4)

.text           0x080001a0     0x67a8
                0x080001a0                        . = ALIGN (0x4)
 *(.text)
 .text          0x080001a0       0x88 /usr/lib/gcc/arm-none-eabi/13.2.1/thumb/v7e-m+fp/hard/crtbegin.o
 .text          0x08000228       0x50 /usr/lib/gcc/arm-none-eabi/13.2.1/../../../arm-none-eabi/lib/thumb/v7e-m+fp/hard/libc_nano.a(libc_a-init.o)
                0x08000228                __libc_init_array
 .text          0x08000278       0xa4 /usr/lib/gcc/arm-none-eabi/13.2.1/../../../arm-none-eabi/lib/thumb/v7e-m+fp/hard/libc_nano.a(libc_a-memset.o)
                0x08000278                memset
 .text          0x0800031c      0x134 /usr/lib/gcc/arm-none-eabi/13.2.1/../../../arm-none-eabi/lib/thumb/v7e-m+fp/hard/libc_nano.a(libc_a-memcpy.o)
                0x0800031c                memcpy
 .text          0x08000450       0x30 /usr/lib/gcc/arm-none-eabi/13.2.1/thumb/v7e-m+fp/hard/libgcc.a(_aeabi_uldivmod.o)
                0x08000450                __aeabi_uldivmod
 .text          0x08000480      0x2bc /usr/lib/gcc/arm-none-eabi/13.2.1/thumb/v7e-m+fp/hard/libgcc.a(_udivmoddi4.o)
                0x08000480                __udivmoddi4
 .text          0x0800073c        0x4 /usr/lib/gcc/arm-none-eabi/13.2.1/thumb/v7e-m+fp/hard/libgcc.a(_dvmd_tls.o)
                0x0800073c                __aeabi_ldiv0
                0x0800073c                __aeabi_idiv0
 *(.text*)
 .text.PCD_WriteEmptyTxFifo
                0x08000740       0xd0 build/stm32f4xx_hal_pcd.o
 .text.HAL_PCD_Init
                0x08000810      0x138 build/stm32f4xx_hal_pcd.o
                0x08000810                HAL_PCD_Init
 .text.HAL_PCD_Start
                0x08000948       0x44 build/stm32f4xx_hal_pcd.o
                0x08000948                HAL_PCD_Start
 .text.PCD_EP_OutXfrComplete_int
                0x0800098c      0x104 build/stm32f4xx_hal_pcd.o
 .text.PCD_EP_OutSetupPacket_int
                0x08000a90       0x50 build/stm32f4xx_hal_pcd.o
 .text.HAL_PCD_SetAddress
                0x08000ae0       0x26 build/stm32f4xx_hal_pcd.o
                0x08000ae0                HAL_PCD_SetAddress
 .text.HAL_PCD_EP_Open
                0x08000b06       0x88 build/stm32f4xx_hal_pcd.o
                0x08000b06                HAL_PCD_EP_Open
 .text.HAL_PCD_EP_Close
                0x08000b8e       0x70 build/stm32f4xx_hal_pcd.o
                0x08000b8e                HAL_PCD_EP_Close
 .text.HAL_PCD_EP_Receive
                0x08000bfe       0x4a build/stm32f4xx_hal_pcd.o
                0x08000bfe                HAL_PCD_EP_Receive
 .text.HAL_PCD_EP_GetRxCount
                0x08000c48       0x12 build/stm32f4xx_hal_pcd.o
                0x08000c48                HAL_PCD_EP_GetRxCount
 .text.HAL_PCD_EP_Transmit
                0x08000c5a       0x4a build/stm32f4xx_hal_pcd.o
                0x08000c5a                HAL_PCD_EP_Transmit
 .text.HAL_PCD_EP_SetStall
                0x08000ca4       0x86 build/stm32f4xx_hal_pcd.o
                0x08000ca4                HAL_PCD_EP_SetStall
 .text.HAL_PCD_EP_ClrStall
                0x08000d2a       0x74 build/stm32f4xx_hal_pcd.o
                0x08000d2a                HAL_PCD_EP_ClrStall
 .text.HAL_PCD_EP_Abort
                0x08000d9e       0x34 build/stm32f4xx_hal_pcd.o
                0x08000d9e                HAL_PCD_EP_Abort
 .text.HAL_PCD_IRQHandler
                0x08000dd2      0x5c0 build/stm32f4xx_hal_pcd.o
                0x08000dd2                HAL_PCD_IRQHandler
 .text.HAL_PCDEx_SetTxFiFo
                0x08001392       0x4c build/stm32f4xx_hal_pcd_ex.o
                0x08001392                HAL_PCDEx_SetTxFiFo
 .text.HAL_PCDEx_SetRxFiFo
                0x080013de        0x8 build/stm32f4xx_hal_pcd_ex.o
                0x080013de                HAL_PCDEx_SetRxFiFo
 .text.HAL_PCDEx_LPM_Callback
                0x080013e6        0x2 build/stm32f4xx_hal_pcd_ex.o
                0x080013e6                HAL_PCDEx_LPM_Callback
 .text.USB_CoreReset
                0x080013e8       0x4a build/stm32f4xx_ll_usb.o
 .text.USB_CoreInit
                0x08001432       0x92 build/stm32f4xx_ll_usb.o
                0x08001432                USB_CoreInit
 .text.USB_SetTurnaroundTime
                0x080014c4       0xe4 build/stm32f4xx_ll_usb.o
                0x080014c4                USB_SetTurnaroundTime
 .text.USB_EnableGlobalInt
                0x080015a8        0xc build/stm32f4xx_ll_usb.o
                0x080015a8                USB_EnableGlobalInt
 .text.USB_DisableGlobalInt
                0x080015b4        0xc build/stm32f4xx_ll_usb.o
                0x080015b4                USB_DisableGlobalInt
 .text.USB_FlushTxFifo
                0x080015c0       0x4a build/stm32f4xx_ll_usb.o
                0x080015c0                USB_FlushTxFifo
 .text.USB_FlushRxFifo
                0x0800160a       0x46 build/stm32f4xx_ll_usb.o
                0x0800160a                USB_FlushRxFifo
 .text.USB_SetDevSpeed
                0x08001650        0xe build/stm32f4xx_ll_usb.o
                0x08001650                USB_SetDevSpeed
 *fill*         0x0800165e        0x2 
 .text.USB_DevInit
                0x08001660      0x1a8 build/stm32f4xx_ll_usb.o
                0x08001660                USB_DevInit
 .text.USB_GetDevSpeed
                0x08001808       0x22 build/stm32f4xx_ll_usb.o
                0x08001808                USB_GetDevSpeed
 .text.USB_ActivateEndpoint
                0x0800182a       0x9a build/stm32f4xx_ll_usb.o
                0x0800182a                USB_ActivateEndpoint
 .text.USB_DeactivateEndpoint
                0x080018c4       0xe0 build/stm32f4xx_ll_usb.o
                0x080018c4                USB_DeactivateEndpoint
 .text.USB_EPStopXfer
                0x080019a4       0xbe build/stm32f4xx_ll_usb.o
                0x080019a4                USB_EPStopXfer
 .text.USB_WritePacket
                0x08001a62       0x2e build/stm32f4xx_ll_usb.o
                0x08001a62                USB_WritePacket
 .text.USB_EPStartXfer
                0x08001a90      0x238 build/stm32f4xx_ll_usb.o
                0x08001a90                USB_EPStartXfer
 .text.USB_ReadPacket
                0x08001cc8       0x46 build/stm32f4xx_ll_usb.o
                0x08001cc8                USB_ReadPacket
 .text.USB_EPSetStall
                0x08001d0e       0x5a build/stm32f4xx_ll_usb.o
                0x08001d0e                USB_EPSetStall
 .text.USB_EPClearStall
                0x08001d68       0x5c build/stm32f4xx_ll_usb.o
                0x08001d68                USB_EPClearStall
 .text.USB_SetDevAddress
                0x08001dc4       0x20 build/stm32f4xx_ll_usb.o
                0x08001dc4                USB_SetDevAddress
 .text.USB_DevConnect
                0x08001de4       0x1c build/stm32f4xx_ll_usb.o
                0x08001de4                USB_DevConnect
 .text.USB_DevDisconnect
                0x08001e00       0x1c build/stm32f4xx_ll_usb.o
                0x08001e00                USB_DevDisconnect
 .text.USB_ReadInterrupts
                0x08001e1c        0x8 build/stm32f4xx_ll_usb.o
                0x08001e1c                USB_ReadInterrupts
 .text.USB_ReadDevAllOutEpInterrupt
                0x08001e24       0x10 build/stm32f4xx_ll_usb.o
                0x08001e24                USB_ReadDevAllOutEpInterrupt
 .text.USB_ReadDevAllInEpInterrupt
                0x08001e34       0x10 build/stm32f4xx_ll_usb.o
                0x08001e34                USB_ReadDevAllInEpInterrupt
 .text.USB_ReadDevOutEPInterrupt
                0x08001e44       0x12 build/stm32f4xx_ll_usb.o
                0x08001e44                USB_ReadDevOutEPInterrupt
 .text.USB_ReadDevInEPInterrupt
                0x08001e56       0x24 build/stm32f4xx_ll_usb.o
                0x08001e56                USB_ReadDevInEPInterrupt
 .text.USB_GetMode
                0x08001e7a        0x8 build/stm32f4xx_ll_usb.o
                0x08001e7a                USB_GetMode
 .text.USB_SetCurrentMode
                0x08001e82       0x62 build/stm32f4xx_ll_usb.o
                0x08001e82                USB_SetCurrentMode
 .text.USB_ActivateSetup
                0x08001ee4       0x1c build/stm32f4xx_ll_usb.o
                0x08001ee4                USB_ActivateSetup
 .text.USB_EP0_OutStart
                0x08001f00       0x60 build/stm32f4xx_ll_usb.o
                0x08001f00                USB_EP0_OutStart
 .text.HAL_RCC_OscConfig
                0x08001f60      0x3f8 build/stm32f4xx_hal_rcc.o
                0x08001f60                HAL_RCC_OscConfig
 .text.HAL_RCC_EnableCSS
                0x08002358        0xc build/stm32f4xx_hal_rcc.o
                0x08002358                HAL_RCC_EnableCSS
 .text.HAL_RCC_GetSysClockFreq
                0x08002364       0xa8 build/stm32f4xx_hal_rcc.o
                0x08002364                HAL_RCC_GetSysClockFreq
 .text.HAL_RCC_ClockConfig
                0x0800240c      0x160 build/stm32f4xx_hal_rcc.o
                0x0800240c                HAL_RCC_ClockConfig
 .text.HAL_RCC_GetHCLKFreq
                0x0800256c        0xc build/stm32f4xx_hal_rcc.o
                0x0800256c                HAL_RCC_GetHCLKFreq
 .text.HAL_RCC_GetPCLK2Freq
                0x08002578       0x20 build/stm32f4xx_hal_rcc.o
                0x08002578                HAL_RCC_GetPCLK2Freq
 .text.HAL_RCC_GetClockConfig
                0x08002598       0x3c build/stm32f4xx_hal_rcc.o
                0x08002598                HAL_RCC_GetClockConfig
 .text.HAL_RCC_CSSCallback
                0x080025d4        0x2 build/stm32f4xx_hal_rcc.o
                0x080025d4                HAL_RCC_CSSCallback
 *fill*         0x080025d6        0x2 
 .text.HAL_RCC_NMI_IRQHandler
                0x080025d8       0x20 build/stm32f4xx_hal_rcc.o
                0x080025d8                HAL_RCC_NMI_IRQHandler
 .text.HAL_GPIO_Init
                0x080025f8      0x1c8 build/stm32f4xx_hal_gpio.o
                0x080025f8                HAL_GPIO_Init
 .text.__NVIC_EnableIRQ
                0x080027c0       0x1c build/stm32f4xx_hal_cortex.o
 .text.__NVIC_SetPriority
                0x080027dc       0x28 build/stm32f4xx_hal_cortex.o
 .text.NVIC_EncodePriority
                0x08002804       0x3e build/stm32f4xx_hal_cortex.o
 *fill*         0x08002842        0x2 
 .text.HAL_NVIC_SetPriorityGrouping
                0x08002844       0x24 build/stm32f4xx_hal_cortex.o
                0x08002844                HAL_NVIC_SetPriorityGrouping
 .text.HAL_NVIC_SetPriority
                0x08002868       0x20 build/stm32f4xx_hal_cortex.o
                0x08002868                HAL_NVIC_SetPriority
 .text.HAL_NVIC_EnableIRQ
                0x08002888        0x8 build/stm32f4xx_hal_cortex.o
                0x08002888                HAL_NVIC_EnableIRQ
 .text.HAL_Init
                0x08002890       0x34 build/stm32f4xx_hal.o
                0x08002890                HAL_Init
 .text.HAL_GetTick
                0x080028c4        0xc build/stm32f4xx_hal.o
                0x080028c4                HAL_GetTick
 .text.HAL_Delay
                0x080028d0       0x28 build/stm32f4xx_hal.o
                0x080028d0                HAL_Delay
 .text.HAL_CRC_Init
                0x080028f8       0x1e build/stm32f4xx_hal_crc.o
                0x080028f8                HAL_CRC_Init
 .text.HAL_SPI_Init
                0x08002916       0xbe build/stm32f4xx_hal_spi.o
                0x08002916                HAL_SPI_Init
 .text.HAL_TIM_Base_MspInit
                0x080029d4        0x2 build/stm32f4xx_hal_tim.o
                0x080029d4                HAL_TIM_Base_MspInit
 *fill*         0x080029d6        0x2 
 .text.HAL_TIM_Base_Start_IT
                0x080029d8       0x78 build/stm32f4xx_hal_tim.o
                0x080029d8                HAL_TIM_Base_Start_IT
 .text.HAL_TIM_PeriodElapsedCallback
                0x08002a50        0x2 build/stm32f4xx_hal_tim.o
                0x08002a50                HAL_TIM_PeriodElapsedCallback
 .text.HAL_TIM_OC_DelayElapsedCallback
                0x08002a52        0x2 build/stm32f4xx_hal_tim.o
                0x08002a52                HAL_TIM_OC_DelayElapsedCallback
 .text.HAL_TIM_IC_CaptureCallback
                0x08002a54        0x2 build/stm32f4xx_hal_tim.o
                0x08002a54                HAL_TIM_IC_CaptureCallback
 .text.HAL_TIM_PWM_PulseFinishedCallback
                0x08002a56        0x2 build/stm32f4xx_hal_tim.o
                0x08002a56                HAL_TIM_PWM_PulseFinishedCallback
 .text.HAL_TIM_TriggerCallback
                0x08002a58        0x2 build/stm32f4xx_hal_tim.o
                0x08002a58                HAL_TIM_TriggerCallback
 .text.HAL_TIM_IRQHandler
                0x08002a5a      0x15e build/stm32f4xx_hal_tim.o
                0x08002a5a                HAL_TIM_IRQHandler
 .text.TIM_Base_SetConfig
                0x08002bb8       0xac build/stm32f4xx_hal_tim.o
                0x08002bb8                TIM_Base_SetConfig
 .text.HAL_TIM_Base_Init
                0x08002c64       0x58 build/stm32f4xx_hal_tim.o
                0x08002c64                HAL_TIM_Base_Init
 .text.HAL_TIMEx_CommutCallback
                0x08002cbc        0x2 build/stm32f4xx_hal_tim_ex.o
                0x08002cbc                HAL_TIMEx_CommutCallback
 .text.HAL_TIMEx_BreakCallback
                0x08002cbe        0x2 build/stm32f4xx_hal_tim_ex.o
                0x08002cbe                HAL_TIMEx_BreakCallback
 .text.SystemInit
                0x08002cc0       0x14 build/system_stm32f4xx.o
                0x08002cc0                SystemInit
 .text.USBD_Init
                0x08002cd4       0x5c build/usbd_core.o
                0x08002cd4                USBD_Init
 .text.USBD_RegisterClass
                0x08002d30       0x34 build/usbd_core.o
                0x08002d30                USBD_RegisterClass
 .text.USBD_Start
                0x08002d64        0x8 build/usbd_core.o
                0x08002d64                USBD_Start
 .text.USBD_SetClassConfig
                0x08002d6c       0x12 build/usbd_core.o
                0x08002d6c                USBD_SetClassConfig
 .text.USBD_ClrClassConfig
                0x08002d7e       0x12 build/usbd_core.o
                0x08002d7e                USBD_ClrClassConfig
 .text.USBD_LL_SetupStage
                0x08002d90       0x58 build/usbd_core.o
                0x08002d90                USBD_LL_SetupStage
 .text.USBD_LL_Reset
                0x08002de8       0x64 build/usbd_core.o
                0x08002de8                USBD_LL_Reset
 .text.USBD_LL_SetSpeed
                0x08002e4c        0x6 build/usbd_core.o
                0x08002e4c                USBD_LL_SetSpeed
 .text.USBD_LL_Suspend
                0x08002e52       0x1e build/usbd_core.o
                0x08002e52                USBD_LL_Suspend
 .text.USBD_LL_Resume
                0x08002e70       0x1a build/usbd_core.o
                0x08002e70                USBD_LL_Resume
 .text.USBD_LL_SOF
                0x08002e8a       0x22 build/usbd_core.o
                0x08002e8a                USBD_LL_SOF
 .text.USBD_LL_IsoINIncomplete
                0x08002eac       0x2e build/usbd_core.o
                0x08002eac                USBD_LL_IsoINIncomplete
 .text.USBD_LL_IsoOUTIncomplete
                0x08002eda       0x2e build/usbd_core.o
                0x08002eda                USBD_LL_IsoOUTIncomplete
 .text.USBD_LL_DevConnected
                0x08002f08        0x4 build/usbd_core.o
                0x08002f08                USBD_LL_DevConnected
 .text.USBD_LL_DevDisconnected
                0x08002f0c       0x20 build/usbd_core.o
                0x08002f0c                USBD_LL_DevDisconnected
 .text.USBD_CoreFindIF
                0x08002f2c        0x4 build/usbd_core.o
                0x08002f2c                USBD_CoreFindIF
 .text.USBD_CoreFindEP
                0x08002f30        0x4 build/usbd_core.o
                0x08002f30                USBD_CoreFindEP
 .text.USBD_LL_DataOutStage
                0x08002f34       0xc4 build/usbd_core.o
                0x08002f34                USBD_LL_DataOutStage
 .text.USBD_LL_DataInStage
                0x08002ff8       0xd6 build/usbd_core.o
                0x08002ff8                USBD_LL_DataInStage
 .text.USBD_GetNextDesc
                0x080030ce        0xe build/usbd_core.o
                0x080030ce                USBD_GetNextDesc
 .text.USBD_GetEpDesc
                0x080030dc       0x3e build/usbd_core.o
                0x080030dc                USBD_GetEpDesc
 .text.USBD_GetLen
                0x0800311a       0x14 build/usbd_ctlreq.o
 .text.USBD_ParseSetupRequest
                0x0800312e       0x28 build/usbd_ctlreq.o
                0x0800312e                USBD_ParseSetupRequest
 .text.USBD_CtlError
                0x08003156       0x14 build/usbd_ctlreq.o
                0x08003156                USBD_CtlError
 .text.USBD_GetDescriptor
                0x0800316a      0x18a build/usbd_ctlreq.o
 .text.USBD_SetAddress
                0x080032f4       0x50 build/usbd_ctlreq.o
 .text.USBD_SetConfig
                0x08003344       0xcc build/usbd_ctlreq.o
 .text.USBD_GetConfig
                0x08003410       0x40 build/usbd_ctlreq.o
 .text.USBD_GetStatus
                0x08003450       0x38 build/usbd_ctlreq.o
 .text.USBD_SetFeature
                0x08003488       0x2a build/usbd_ctlreq.o
 .text.USBD_ClrFeature
                0x080034b2       0x26 build/usbd_ctlreq.o
 .text.USBD_StdDevReq
                0x080034d8       0x76 build/usbd_ctlreq.o
                0x080034d8                USBD_StdDevReq
 .text.USBD_StdItfReq
                0x0800354e       0x84 build/usbd_ctlreq.o
                0x0800354e                USBD_StdItfReq
 .text.USBD_StdEPReq
                0x080035d2      0x230 build/usbd_ctlreq.o
                0x080035d2                USBD_StdEPReq
 .text.USBD_GetString
                0x08003802       0x3a build/usbd_ctlreq.o
                0x08003802                USBD_GetString
 .text.USBD_CtlSendData
                0x0800383c       0x1a build/usbd_ioreq.o
                0x0800383c                USBD_CtlSendData
 .text.USBD_CtlContinueSendData
                0x08003856       0x10 build/usbd_ioreq.o
                0x08003856                USBD_CtlContinueSendData
 .text.USBD_CtlPrepareRx
                0x08003866       0x1e build/usbd_ioreq.o
                0x08003866                USBD_CtlPrepareRx
 .text.USBD_CtlContinueRx
                0x08003884       0x10 build/usbd_ioreq.o
                0x08003884                USBD_CtlContinueRx
 .text.USBD_CtlSendStatus
                0x08003894       0x16 build/usbd_ioreq.o
                0x08003894                USBD_CtlSendStatus
 .text.USBD_CtlReceiveStatus
                0x080038aa       0x16 build/usbd_ioreq.o
                0x080038aa                USBD_CtlReceiveStatus
 .text.USBD_CDC_EP0_RxReady
                0x080038c0       0x40 build/usbd_cdc.o
 .text.USBD_CDC_GetDeviceQualifierDescriptor
                0x08003900        0xc build/usbd_cdc.o
                0x08003900                USBD_CDC_GetDeviceQualifierDescriptor
 .text.USBD_CDC_GetOtherSpeedCfgDesc
                0x0800390c       0x48 build/usbd_cdc.o
 .text.USBD_CDC_GetFSCfgDesc
                0x08003954       0x48 build/usbd_cdc.o
 .text.USBD_CDC_GetHSCfgDesc
                0x0800399c       0x48 build/usbd_cdc.o
 .text.USBD_CDC_DataOut
                0x080039e4       0x38 build/usbd_cdc.o
 .text.USBD_CDC_DataIn
                0x08003a1c       0x7c build/usbd_cdc.o
 .text.USBD_CDC_Setup
                0x08003a98      0x11a build/usbd_cdc.o
 .text.USBD_CDC_DeInit
                0x08003bb2       0x64 build/usbd_cdc.o
 .text.USBD_CDC_Init
                0x08003c16       0xee build/usbd_cdc.o
 .text.USBD_CDC_RegisterInterface
                0x08003d04       0x16 build/usbd_cdc.o
                0x08003d04                USBD_CDC_RegisterInterface
 .text.USBD_CDC_SetTxBuffer
                0x08003d1a       0x1c build/usbd_cdc.o
                0x08003d1a                USBD_CDC_SetTxBuffer
 .text.USBD_CDC_SetRxBuffer
                0x08003d36       0x18 build/usbd_cdc.o
                0x08003d36                USBD_CDC_SetRxBuffer
 .text.USBD_CDC_ReceivePacket
                0x08003d4e       0x38 build/usbd_cdc.o
                0x08003d4e                USBD_CDC_ReceivePacket
 .text.vListInitialise
                0x08003d86       0x16 build/list.o
                0x08003d86                vListInitialise
 .text.vListInitialiseItem
                0x08003d9c        0x6 build/list.o
                0x08003d9c                vListInitialiseItem
 .text.vListInsertEnd
                0x08003da2       0x16 build/list.o
                0x08003da2                vListInsertEnd
 .text.vListInsert
                0x08003db8       0x32 build/list.o
                0x08003db8                vListInsert
 .text.uxListRemove
                0x08003dea       0x26 build/list.o
                0x08003dea                uxListRemove
 .text.prvIsQueueFull
                0x08003e10       0x1e build/queue.o
 .text.prvIsQueueEmpty
                0x08003e2e       0x1a build/queue.o
 .text.prvCopyDataToQueue
                0x08003e48       0x76 build/queue.o
 .text.prvCopyDataFromQueue
                0x08003ebe       0x24 build/queue.o
 .text.prvUnlockQueue
                0x08003ee2       0x6e build/queue.o
 .text.xQueueGenericReset
                0x08003f50       0x84 build/queue.o
                0x08003f50                xQueueGenericReset
 .text.prvInitialiseNewQueue
                0x08003fd4       0x22 build/queue.o
 .text.xQueueGenericCreateStatic
                0x08003ff6       0x94 build/queue.o
                0x08003ff6                xQueueGenericCreateStatic
 .text.xQueueGenericSend
                0x0800408a      0x188 build/queue.o
                0x0800408a                xQueueGenericSend
 .text.xQueueGenericSendFromISR
                0x08004212       0xce build/queue.o
                0x08004212                xQueueGenericSendFromISR
 .text.xQueueReceive
                0x080042e0      0x15e build/queue.o
                0x080042e0                xQueueReceive
 *fill*         0x0800443e        0x2 
 .text.vQueueAddToRegistry
                0x08004440       0x28 build/queue.o
                0x08004440                vQueueAddToRegistry
 .text.vQueueWaitForMessageRestricted
                0x08004468       0x52 build/queue.o
                0x08004468                vQueueWaitForMessageRestricted
 *fill*         0x080044ba        0x2 
 .text.prvResetNextTaskUnblockTime
                0x080044bc       0x2c build/tasks.o
 .text.prvInitialiseNewTask
                0x080044e8       0xa2 build/tasks.o
 *fill*         0x0800458a        0x2 
 .text.prvInitialiseTaskLists
                0x0800458c       0x68 build/tasks.o
 .text.prvAddNewTaskToReadyList
                0x080045f4       0xac build/tasks.o
 .text.prvDeleteTCB
                0x080046a0       0x38 build/tasks.o
 .text.prvCheckTasksWaitingTermination
                0x080046d8       0x4c build/tasks.o
 .text.prvIdleTask
                0x08004724       0x28 build/tasks.o
 .text.prvAddCurrentTaskToDelayedList
                0x0800474c       0x7c build/tasks.o
 .text.xTaskCreateStatic
                0x080047c8       0x76 build/tasks.o
                0x080047c8                xTaskCreateStatic
 .text.xTaskCreate
                0x0800483e       0x64 build/tasks.o
                0x0800483e                xTaskCreate
 *fill*         0x080048a2        0x2 
 .text.vTaskStartScheduler
                0x080048a4       0x98 build/tasks.o
                0x080048a4                vTaskStartScheduler
 .text.vTaskSuspendAll
                0x0800493c       0x10 build/tasks.o
                0x0800493c                vTaskSuspendAll
 .text.xTaskGetTickCount
                0x0800494c        0xc build/tasks.o
                0x0800494c                xTaskGetTickCount
 .text.xTaskIncrementTick
                0x08004958      0x118 build/tasks.o
                0x08004958                xTaskIncrementTick
 .text.xTaskResumeAll
                0x08004a70       0xf8 build/tasks.o
                0x08004a70                xTaskResumeAll
 .text.vTaskDelay
                0x08004b68       0x4c build/tasks.o
                0x08004b68                vTaskDelay
 .text.vTaskSwitchContext
                0x08004bb4       0x98 build/tasks.o
                0x08004bb4                vTaskSwitchContext
 .text.vTaskPlaceOnEventList
                0x08004c4c       0x30 build/tasks.o
                0x08004c4c                vTaskPlaceOnEventList
 .text.vTaskPlaceOnEventListRestricted
                0x08004c7c       0x38 build/tasks.o
                0x08004c7c                vTaskPlaceOnEventListRestricted
 .text.xTaskRemoveFromEventList
                0x08004cb4       0x8c build/tasks.o
                0x08004cb4                xTaskRemoveFromEventList
 .text.vTaskInternalSetTimeOutState
                0x08004d40       0x18 build/tasks.o
                0x08004d40                vTaskInternalSetTimeOutState
 .text.xTaskCheckForTimeOut
                0x08004d58       0x84 build/tasks.o
                0x08004d58                xTaskCheckForTimeOut
 .text.vTaskMissedYield
                0x08004ddc        0xc build/tasks.o
                0x08004ddc                vTaskMissedYield
 .text.xTaskGetSchedulerState
                0x08004de8       0x20 build/tasks.o
                0x08004de8                xTaskGetSchedulerState
 .text.xTaskPriorityDisinherit
                0x08004e08       0x90 build/tasks.o
                0x08004e08                xTaskPriorityDisinherit
 .text.prvGetNextExpireTime
                0x08004e98       0x20 build/timers.o
 .text.prvInsertTimerInActiveList
                0x08004eb8       0x48 build/timers.o
 .text.prvCheckForValidListAndQueue
                0x08004f00       0x70 build/timers.o
 .text.xTimerCreateTimerTask
                0x08004f70       0x64 build/timers.o
                0x08004f70                xTimerCreateTimerTask
 .text.xTimerGenericCommand
                0x08004fd4       0x6c build/timers.o
                0x08004fd4                xTimerGenericCommand
 .text.prvSwitchTimerLists
                0x08005040       0x7c build/timers.o
 .text.prvSampleTimeNow
                0x080050bc       0x2c build/timers.o
 .text.prvProcessExpiredTimer
                0x080050e8       0x6c build/timers.o
 .text.prvProcessTimerOrBlockTask
                0x08005154       0x74 build/timers.o
 .text.prvProcessReceivedCommands
                0x080051c8      0x10c build/timers.o
 .text.prvTimerTask
                0x080052d4       0x16 build/timers.o
 .text.SysTick_Handler
                0x080052ea       0x18 build/cmsis_os2.o
                0x080052ea                SysTick_Handler
 *fill*         0x08005302        0x2 
 .text.osKernelInitialize
                0x08005304       0x24 build/cmsis_os2.o
                0x08005304                osKernelInitialize
 .text.osKernelStart
                0x08005328       0x38 build/cmsis_os2.o
                0x08005328                osKernelStart
 .text.osThreadNew
                0x08005360       0xbc build/cmsis_os2.o
                0x08005360                osThreadNew
 .text.osDelay  0x0800541c       0x1c build/cmsis_os2.o
                0x0800541c                osDelay
 .text.vApplicationGetIdleTaskMemory
                0x08005438       0x18 build/cmsis_os2.o
                0x08005438                vApplicationGetIdleTaskMemory
 .text.vApplicationGetTimerTaskMemory
                0x08005450       0x18 build/cmsis_os2.o
                0x08005450                vApplicationGetTimerTaskMemory
 .text.prvHeapInit
                0x08005468       0x64 build/heap_4.o
 .text.prvInsertBlockIntoFreeList
                0x080054cc       0x64 build/heap_4.o
 .text.pvPortMalloc
                0x08005530      0x104 build/heap_4.o
                0x08005530                pvPortMalloc
 .text.vPortFree
                0x08005634       0x7c build/heap_4.o
                0x08005634                vPortFree
 .text.prvTaskExitError
                0x080056b0       0x40 build/port.o
 .text.prvPortStartFirstTask
                0x080056f0       0x28 build/port.o
 .text.vPortEnableVFP
                0x08005718       0x14 build/port.o
 .text.pxPortInitialiseStack
                0x0800572c       0x2c build/port.o
                0x0800572c                pxPortInitialiseStack
 *fill*         0x08005758        0x8 
 .text.SVC_Handler
                0x08005760       0x24 build/port.o
                0x08005760                SVC_Handler
 .text.vPortEnterCritical
                0x08005784       0x44 build/port.o
                0x08005784                vPortEnterCritical
 .text.vPortExitCritical
                0x080057c8       0x2c build/port.o
                0x080057c8                vPortExitCritical
 *fill*         0x080057f4        0xc 
 .text.PendSV_Handler
                0x08005800       0x64 build/port.o
                0x08005800                PendSV_Handler
 .text.xPortSysTickHandler
                0x08005864       0x2c build/port.o
                0x08005864                xPortSysTickHandler
 .text.vPortSetupTimerInterrupt
                0x08005890       0x28 build/port.o
                0x08005890                vPortSetupTimerInterrupt
 .text.xPortStartScheduler
                0x080058b8      0x118 build/port.o
                0x080058b8                xPortStartScheduler
 .text.vPortValidateInterruptPriority
                0x080059d0       0x5c build/port.o
                0x080059d0                vPortValidateInterruptPriority
 .text.MX_CRC_Init
                0x08005a2c       0x20 build/crc.o
                0x08005a2c                MX_CRC_Init
 .text.HAL_CRC_MspInit
                0x08005a4c       0x30 build/crc.o
                0x08005a4c                HAL_CRC_MspInit
 .text.MX_SPI1_Init
                0x08005a7c       0x40 build/spi.o
                0x08005a7c                MX_SPI1_Init
 .text.HAL_SPI_MspInit
                0x08005abc       0x70 build/spi.o
                0x08005abc                HAL_SPI_MspInit
 .text.NMI_Handler
                0x08005b2c        0x8 build/stm32f4xx_it.o
                0x08005b2c                NMI_Handler
 .text.HardFault_Handler
                0x08005b34        0x2 build/stm32f4xx_it.o
                0x08005b34                HardFault_Handler
 .text.MemManage_Handler
                0x08005b36        0x2 build/stm32f4xx_it.o
                0x08005b36                MemManage_Handler
 .text.BusFault_Handler
                0x08005b38        0x2 build/stm32f4xx_it.o
                0x08005b38                BusFault_Handler
 .text.UsageFault_Handler
                0x08005b3a        0x2 build/stm32f4xx_it.o
                0x08005b3a                UsageFault_Handler
 .text.DebugMon_Handler
                0x08005b3c        0x2 build/stm32f4xx_it.o
                0x08005b3c                DebugMon_Handler
 *fill*         0x08005b3e        0x2 
 .text.TIM1_UP_TIM10_IRQHandler
                0x08005b40       0x10 build/stm32f4xx_it.o
                0x08005b40                TIM1_UP_TIM10_IRQHandler
 .text.OTG_FS_IRQHandler
                0x08005b50       0x10 build/stm32f4xx_it.o
                0x08005b50                OTG_FS_IRQHandler
 .text.HAL_MspInit
                0x08005b60       0x44 build/stm32f4xx_hal_msp.o
                0x08005b60                HAL_MspInit
 .text.SystemClock_Config
                0x08005ba4       0xb0 build/clock.o
                0x08005ba4                SystemClock_Config
 .text.MX_GPIO_Init
                0x08005c54       0x38 build/gpio.o
                0x08005c54                MX_GPIO_Init
 .text.HAL_InitTick
                0x08005c8c       0x94 build/stm32f4xx_hal_timebase_tim.o
                0x08005c8c                HAL_InitTick
 .text._GetAvailWriteSpace
                0x08005d20       0x18 build/SEGGER_RTT.o
 .text._WriteNoCheck
                0x08005d38       0x4c build/SEGGER_RTT.o
 .text._WriteBlocking
                0x08005d84       0x62 build/SEGGER_RTT.o
 *fill*         0x08005de6        0x2 
 .text._DoInit  0x08005de8       0x6c build/SEGGER_RTT.o
 .text.SEGGER_RTT_WriteNoLock
                0x08005e54       0x6c build/SEGGER_RTT.o
                0x08005e54                SEGGER_RTT_WriteNoLock
 .text.SEGGER_RTT_Write
                0x08005ec0       0x38 build/SEGGER_RTT.o
                0x08005ec0                SEGGER_RTT_Write
 .text._StoreChar
                0x08005ef8       0x40 build/SEGGER_RTT_printf.o
 .text._PrintUnsigned
                0x08005f38       0xe0 build/SEGGER_RTT_printf.o
 .text._PrintInt
                0x08006018       0xea build/SEGGER_RTT_printf.o
 *fill*         0x08006102        0x2 
 .text.SEGGER_RTT_vprintf
                0x08006104      0x1fc build/SEGGER_RTT_printf.o
                0x08006104                SEGGER_RTT_vprintf
 .text.SEGGER_RTT_printf
                0x08006300       0x1e build/SEGGER_RTT_printf.o
                0x08006300                SEGGER_RTT_printf
 *fill*         0x0800631e        0x2 
 .text.utils_printLog
                0x08006320       0x14 build/utils.o
                0x08006320                utils_printLog
 .text.Error_Handler
                0x08006334       0x10 build/utils.o
                0x08006334                Error_Handler
 .text.taskMgr_initMcu
                0x08006344       0x24 build/task_mgr.o
                0x08006344                taskMgr_initMcu
 .text.taskMgr_queueTask
                0x08006368       0x14 build/task_mgr.o
                0x08006368                taskMgr_queueTask
 .text.taskMgr_startTask
                0x0800637c       0x18 build/task_mgr.o
                0x0800637c                taskMgr_startTask
 .text.main     0x08006394       0x1c build/main.o
                0x08006394                main
 .text.usbMgr_mainThread
                0x080063b0       0x18 build/usb_mgr.o
 .text.usbMgr_queueTask
                0x080063c8       0x28 build/usb_mgr.o
                0x080063c8                usbMgr_queueTask
 .text.usb_deInit
                0x080063f0        0x4 build/usb_ctrl.o
 .text.usb_control
                0x080063f4        0x4 build/usb_ctrl.o
 .text.usb_transmitCplt
                0x080063f8        0x4 build/usb_ctrl.o
 .text.usb_receive
                0x080063fc       0x1c build/usb_ctrl.o
 .text.usb_init
                0x08006418       0x28 build/usb_ctrl.o
 .text.usbCtrl_init
                0x08006440       0x90 build/usb_ctrl.o
                0x08006440                usbCtrl_init
 .text.USBD_FS_DeviceDescriptor
                0x080064d0        0xc build/usbd_desc.o
                0x080064d0                USBD_FS_DeviceDescriptor
 .text.USBD_FS_LangIDStrDescriptor
                0x080064dc        0xc build/usbd_desc.o
                0x080064dc                USBD_FS_LangIDStrDescriptor
 .text.IntToUnicode
                0x080064e8       0x46 build/usbd_desc.o
 *fill*         0x0800652e        0x2 
 .text.Get_SerialNum
                0x08006530       0x38 build/usbd_desc.o
 .text.USBD_FS_SerialStrDescriptor
                0x08006568       0x14 build/usbd_desc.o
                0x08006568                USBD_FS_SerialStrDescriptor
 .text.USBD_FS_ProductStrDescriptor
                0x0800657c       0x24 build/usbd_desc.o
                0x0800657c                USBD_FS_ProductStrDescriptor
 .text.USBD_FS_ManufacturerStrDescriptor
                0x080065a0       0x1c build/usbd_desc.o
                0x080065a0                USBD_FS_ManufacturerStrDescriptor
 .text.USBD_FS_ConfigStrDescriptor
                0x080065bc       0x24 build/usbd_desc.o
                0x080065bc                USBD_FS_ConfigStrDescriptor
 .text.USBD_FS_InterfaceStrDescriptor
                0x080065e0       0x24 build/usbd_desc.o
                0x080065e0                USBD_FS_InterfaceStrDescriptor
 .text.HAL_PCD_MspInit
                0x08006604       0x80 build/usbd_conf.o
                0x08006604                HAL_PCD_MspInit
 .text.HAL_PCD_SetupStageCallback
                0x08006684       0x10 build/usbd_conf.o
                0x08006684                HAL_PCD_SetupStageCallback
 .text.HAL_PCD_DataOutStageCallback
                0x08006694       0x18 build/usbd_conf.o
                0x08006694                HAL_PCD_DataOutStageCallback
 .text.HAL_PCD_DataInStageCallback
                0x080066ac       0x16 build/usbd_conf.o
                0x080066ac                HAL_PCD_DataInStageCallback
 .text.HAL_PCD_SOFCallback
                0x080066c2        0xc build/usbd_conf.o
                0x080066c2                HAL_PCD_SOFCallback
 *fill*         0x080066ce        0x2 
 .text.HAL_PCD_ResetCallback
                0x080066d0       0x30 build/usbd_conf.o
                0x080066d0                HAL_PCD_ResetCallback
 .text.HAL_PCD_SuspendCallback
                0x08006700       0x30 build/usbd_conf.o
                0x08006700                HAL_PCD_SuspendCallback
 .text.HAL_PCD_ResumeCallback
                0x08006730        0xc build/usbd_conf.o
                0x08006730                HAL_PCD_ResumeCallback
 .text.HAL_PCD_ISOOUTIncompleteCallback
                0x0800673c        0xc build/usbd_conf.o
                0x0800673c                HAL_PCD_ISOOUTIncompleteCallback
 .text.HAL_PCD_ISOINIncompleteCallback
                0x08006748        0xc build/usbd_conf.o
                0x08006748                HAL_PCD_ISOINIncompleteCallback
 .text.HAL_PCD_ConnectCallback
                0x08006754        0xc build/usbd_conf.o
                0x08006754                HAL_PCD_ConnectCallback
 .text.HAL_PCD_DisconnectCallback
                0x08006760        0xc build/usbd_conf.o
                0x08006760                HAL_PCD_DisconnectCallback
 .text.USBD_LL_Init
                0x0800676c       0x94 build/usbd_conf.o
                0x0800676c                USBD_LL_Init
 .text.USBD_LL_IsStallEP
                0x08006800       0x2c build/usbd_conf.o
                0x08006800                USBD_LL_IsStallEP
 .text.USBD_LL_GetRxDataSize
                0x0800682c        0xc build/usbd_conf.o
                0x0800682c                USBD_LL_GetRxDataSize
 .text.USBD_static_malloc
                0x08006838        0x8 build/usbd_conf.o
                0x08006838                USBD_static_malloc
 .text.USBD_static_free
                0x08006840        0x2 build/usbd_conf.o
                0x08006840                USBD_static_free
 .text.USBD_Get_USB_Status
                0x08006842       0x14 build/usbd_conf.o
                0x08006842                USBD_Get_USB_Status
 .text.USBD_LL_Start
                0x08006856       0x10 build/usbd_conf.o
                0x08006856                USBD_LL_Start
 .text.USBD_LL_OpenEP
                0x08006866       0x16 build/usbd_conf.o
                0x08006866                USBD_LL_OpenEP
 .text.USBD_LL_CloseEP
                0x0800687c       0x10 build/usbd_conf.o
                0x0800687c                USBD_LL_CloseEP
 .text.USBD_LL_StallEP
                0x0800688c       0x10 build/usbd_conf.o
                0x0800688c                USBD_LL_StallEP
 .text.USBD_LL_ClearStallEP
                0x0800689c       0x10 build/usbd_conf.o
                0x0800689c                USBD_LL_ClearStallEP
 .text.USBD_LL_SetUSBAddress
                0x080068ac       0x10 build/usbd_conf.o
                0x080068ac                USBD_LL_SetUSBAddress
 .text.USBD_LL_Transmit
                0x080068bc       0x10 build/usbd_conf.o
                0x080068bc                USBD_LL_Transmit
 .text.USBD_LL_PrepareReceive
                0x080068cc       0x10 build/usbd_conf.o
                0x080068cc                USBD_LL_PrepareReceive
 .text.Reset_Handler
                0x080068dc       0x50 build/startup_stm32f411xe.o
                0x080068dc                Reset_Handler
 .text.Default_Handler
                0x0800692c        0x2 build/startup_stm32f411xe.o
                0x0800692c                RTC_Alarm_IRQHandler
                0x0800692c                EXTI2_IRQHandler
                0x0800692c                SPI4_IRQHandler
                0x0800692c                TIM1_CC_IRQHandler
                0x0800692c                DMA2_Stream5_IRQHandler
                0x0800692c                DMA1_Stream5_IRQHandler
                0x0800692c                PVD_IRQHandler
                0x0800692c                SDIO_IRQHandler
                0x0800692c                TAMP_STAMP_IRQHandler
                0x0800692c                EXTI3_IRQHandler
                0x0800692c                I2C3_ER_IRQHandler
                0x0800692c                EXTI0_IRQHandler
                0x0800692c                I2C2_EV_IRQHandler
                0x0800692c                DMA1_Stream2_IRQHandler
                0x0800692c                FPU_IRQHandler
                0x0800692c                DMA2_Stream2_IRQHandler
                0x0800692c                SPI1_IRQHandler
                0x0800692c                TIM1_BRK_TIM9_IRQHandler
                0x0800692c                DMA2_Stream3_IRQHandler
                0x0800692c                USART6_IRQHandler
                0x0800692c                DMA2_Stream0_IRQHandler
                0x0800692c                TIM4_IRQHandler
                0x0800692c                I2C1_EV_IRQHandler
                0x0800692c                DMA1_Stream6_IRQHandler
                0x0800692c                DMA1_Stream1_IRQHandler
                0x0800692c                TIM3_IRQHandler
                0x0800692c                RCC_IRQHandler
                0x0800692c                Default_Handler
                0x0800692c                EXTI15_10_IRQHandler
                0x0800692c                ADC_IRQHandler
                0x0800692c                DMA1_Stream7_IRQHandler
                0x0800692c                SPI5_IRQHandler
                0x0800692c                TIM5_IRQHandler
                0x0800692c                DMA2_Stream7_IRQHandler
                0x0800692c                I2C3_EV_IRQHandler
                0x0800692c                EXTI9_5_IRQHandler
                0x0800692c                RTC_WKUP_IRQHandler
                0x0800692c                SPI2_IRQHandler
                0x0800692c                DMA1_Stream0_IRQHandler
                0x0800692c                EXTI4_IRQHandler
                0x0800692c                WWDG_IRQHandler
                0x0800692c                TIM2_IRQHandler
                0x0800692c                OTG_FS_WKUP_IRQHandler
                0x0800692c                TIM1_TRG_COM_TIM11_IRQHandler
                0x0800692c                EXTI1_IRQHandler
                0x0800692c                USART2_IRQHandler
                0x0800692c                I2C2_ER_IRQHandler
                0x0800692c                DMA2_Stream1_IRQHandler
                0x0800692c                FLASH_IRQHandler
                0x0800692c                DMA2_Stream4_IRQHandler
                0x0800692c                USART1_IRQHandler
                0x0800692c                SPI3_IRQHandler
                0x0800692c                DMA1_Stream4_IRQHandler
                0x0800692c                I2C1_ER_IRQHandler
                0x0800692c                DMA2_Stream6_IRQHandler
                0x0800692c                DMA1_Stream3_IRQHandler
 *(.glue_7)
 .glue_7        0x0800692e        0x0 linker stubs
 *(.glue_7t)
 .glue_7t       0x0800692e        0x0 linker stubs
 *(.eh_frame)
 *fill*         0x0800692e        0x2 
 .eh_frame      0x08006930        0x0 /usr/lib/gcc/arm-none-eabi/13.2.1/thumb/v7e-m+fp/hard/crtbegin.o
 *(.init)
 .init          0x08006930        0x4 /usr/lib/gcc/arm-none-eabi/13.2.1/thumb/v7e-m+fp/hard/crti.o
                0x08006930                _init
 .init          0x08006934        0x8 /usr/lib/gcc/arm-none-eabi/13.2.1/thumb/v7e-m+fp/hard/crtn.o
 *(.fini)
 .fini          0x0800693c        0x4 /usr/lib/gcc/arm-none-eabi/13.2.1/thumb/v7e-m+fp/hard/crti.o
                0x0800693c                _fini
 .fini          0x08006940        0x8 /usr/lib/gcc/arm-none-eabi/13.2.1/thumb/v7e-m+fp/hard/crtn.o
                0x08006948                        . = ALIGN (0x4)
                0x08006948                        _etext = .

.vfp11_veneer   0x08006948        0x0
 .vfp11_veneer  0x08006948        0x0 linker stubs

.v4_bx          0x08006948        0x0
 .v4_bx         0x08006948        0x0 linker stubs

.iplt           0x08006948        0x0
 .iplt          0x08006948        0x0 /usr/lib/gcc/arm-none-eabi/13.2.1/thumb/v7e-m+fp/hard/crtbegin.o

.rodata         0x08006948      0x2bc
                0x08006948                        . = ALIGN (0x4)
 *(.rodata)
 *(.rodata*)
 .rodata.HAL_PCD_Init.str1.4
                0x08006948      0x25a build/stm32f4xx_hal_pcd.o
                                 0x76 (size before relaxing)
 .rodata.USB_DevInit.str1.4
                0x08006ba2       0x1a build/stm32f4xx_ll_usb.o
 *fill*         0x08006ba2        0x2 
 .rodata.APBPrescTable
                0x08006ba4        0x8 build/system_stm32f4xx.o
                0x08006ba4                APBPrescTable
 .rodata.AHBPrescTable
                0x08006bac       0x10 build/system_stm32f4xx.o
                0x08006bac                AHBPrescTable
 .rodata.USBD_Init.str1.4
                0x08006bbc       0x36 build/usbd_core.o
 .rodata.vTaskStartScheduler.str1.4
                0x08006bbc        0x5 build/tasks.o
 .rodata.prvCheckForValidListAndQueue.str1.4
                0x08006bbc        0x5 build/timers.o
 .rodata.xTimerCreateTimerTask.str1.4
                0x08006bbc        0x8 build/timers.o
 .rodata._DoInit.str1.4
                0x08006bbc        0x9 build/SEGGER_RTT.o
 .rodata._aInitStr.0
                0x08006bbc       0x11 build/SEGGER_RTT.o
 .rodata.SEGGER_RTT_vprintf.str1.4
                0x08006bcd        0x7 build/SEGGER_RTT_printf.o
 *fill*         0x08006bcd        0x3 
 .rodata._aV2C.0
                0x08006bd0       0x10 build/SEGGER_RTT_printf.o
 .rodata.utils_printLog.str1.4
                0x08006be0        0x4 build/utils.o
 .rodata.Error_Handler.str1.4
                0x08006be0        0x6 build/utils.o
 .rodata.taskMgr_initMcu.str1.4
                0x08006be0       0x18 build/task_mgr.o
 .rodata.taskMgr_queueTask.str1.4
                0x08006be0        0xc build/task_mgr.o
 .rodata.taskMgr_startTask.str1.4
                0x08006be0        0xe build/task_mgr.o
 .rodata.main.str1.4
                0x08006be0        0x8 build/main.o
 .rodata.usbMgr_mainThread.str1.4
                0x08006be0       0x10 build/usb_mgr.o
 .rodata.usbMgr_queueTask.str1.4
                0x08006be0       0x10 build/usb_mgr.o
 .rodata.str1.4
                0x08006be0        0xc build/usb_mgr.o
 .rodata.usbMgr_taskAttributes
                0x08006be0       0x24 build/usb_mgr.o
                0x08006be0                usbMgr_taskAttributes
 .rodata.usbCtrl_init.str1.4
                0x08006c04       0x6b build/usb_ctrl.o
 .rodata.USBD_FS_ProductStrDescriptor.str1.4
                0x08006c04       0x16 build/usbd_desc.o
 .rodata.USBD_FS_ManufacturerStrDescriptor.str1.4
                0x08006c04       0x13 build/usbd_desc.o
 .rodata.USBD_FS_ConfigStrDescriptor.str1.4
                0x08006c04        0xb build/usbd_desc.o
 .rodata.USBD_FS_InterfaceStrDescriptor.str1.4
                0x08006c04        0xe build/usbd_desc.o
 .rodata.HAL_PCD_ResetCallback.str1.4
                0x08006c04        0xf build/usbd_conf.o
 .rodata.USBD_LL_Init.str1.4
                0x08006c04       0x36 build/usbd_conf.o
                0x08006c70                        . = ALIGN (0x4)

.ARM.extab
 *(.ARM.extab* .gnu.linkonce.armextab.*)

.ARM            0x08006c04        0x8
                0x08006c04                        __exidx_start = .
 *(.ARM.exidx*)
 .ARM.exidx     0x08006c04        0x8 /usr/lib/gcc/arm-none-eabi/13.2.1/../../../arm-none-eabi/lib/thumb/v7e-m+fp/hard/libc_nano.a(libc_a-memcpy.o)
 .ARM.exidx     0x08006c0c        0x0 /usr/lib/gcc/arm-none-eabi/13.2.1/thumb/v7e-m+fp/hard/libgcc.a(_udivmoddi4.o)
                                  0x8 (size before relaxing)
                0x08006c0c                        __exidx_end = .

.rel.dyn        0x08006c0c        0x0
 .rel.iplt      0x08006c0c        0x0 /usr/lib/gcc/arm-none-eabi/13.2.1/thumb/v7e-m+fp/hard/crtbegin.o

.preinit_array  0x08006c0c        0x0
                0x08006c0c                        PROVIDE (__preinit_array_start = .)
 *(.preinit_array*)
                0x08006c0c                        PROVIDE (__preinit_array_end = .)

.init_array     0x08006c0c        0x4
                0x08006c0c                        PROVIDE (__init_array_start = .)
 *(SORT_BY_NAME(.init_array.*))
 *(.init_array*)
 .init_array    0x08006c0c        0x4 /usr/lib/gcc/arm-none-eabi/13.2.1/thumb/v7e-m+fp/hard/crtbegin.o
                0x08006c10                        PROVIDE (__init_array_end = .)

.fini_array     0x08006c10        0x4
                0x08006c10                        PROVIDE (__fini_array_start = .)
 *(SORT_BY_NAME(.fini_array.*))
 *(.fini_array*)
 .fini_array    0x08006c10        0x4 /usr/lib/gcc/arm-none-eabi/13.2.1/thumb/v7e-m+fp/hard/crtbegin.o
                0x08006c14                        PROVIDE (__fini_array_end = .)
                0x08006c14                        _sidata = LOADADDR (.data)

.data           0x20000000       0xfc load address 0x08006c14
                0x20000000                        . = ALIGN (0x4)
                0x20000000                        _sdata = .
 *(.data)
 *(.data*)
 .data.uwTickFreq
                0x20000000        0x1 build/stm32f4xx_hal.o
                0x20000000                uwTickFreq
 *fill*         0x20000001        0x3 
 .data.uwTickPrio
                0x20000004        0x4 build/stm32f4xx_hal.o
                0x20000004                uwTickPrio
 .data.SystemCoreClock
                0x20000008        0x4 build/system_stm32f4xx.o
                0x20000008                SystemCoreClock
 .data.USBD_CDC_CfgDesc
                0x2000000c       0x43 build/usbd_cdc.o
 *fill*         0x2000004f        0x1 
 .data.USBD_CDC
                0x20000050       0x38 build/usbd_cdc.o
                0x20000050                USBD_CDC
 .data.USBD_CDC_DeviceQualifierDesc
                0x20000088        0xa build/usbd_cdc.o
 *fill*         0x20000092        0x2 
 .data.uxCriticalNesting
                0x20000094        0x4 build/port.o
 .data.USBD_Interface_fops_FS
                0x20000098       0x14 build/usb_ctrl.o
                0x20000098                USBD_Interface_fops_FS
 .data.USBD_StringSerial
                0x200000ac       0x1a build/usbd_desc.o
                0x200000ac                USBD_StringSerial
 *fill*         0x200000c6        0x2 
 .data.USBD_LangIDDesc
                0x200000c8        0x4 build/usbd_desc.o
                0x200000c8                USBD_LangIDDesc
 .data.USBD_FS_DeviceDesc
                0x200000cc       0x12 build/usbd_desc.o
                0x200000cc                USBD_FS_DeviceDesc
 *fill*         0x200000de        0x2 
 .data.FS_Desc  0x200000e0       0x1c build/usbd_desc.o
                0x200000e0                FS_Desc
                0x200000fc                        . = ALIGN (0x4)
                0x200000fc                        _edata = .

.tm_clone_table
                0x200000fc        0x0 load address 0x08006d10
 .tm_clone_table
                0x200000fc        0x0 /usr/lib/gcc/arm-none-eabi/13.2.1/thumb/v7e-m+fp/hard/crtbegin.o
 .tm_clone_table
                0x200000fc        0x0 /usr/lib/gcc/arm-none-eabi/13.2.1/thumb/v7e-m+fp/hard/crtend.o

.igot.plt       0x200000fc        0x0 load address 0x08006d10
 .igot.plt      0x200000fc        0x0 /usr/lib/gcc/arm-none-eabi/13.2.1/thumb/v7e-m+fp/hard/crtbegin.o
                0x200000fc                        . = ALIGN (0x4)

.bss            0x200000fc     0x6ab8 load address 0x08006d10
                0x200000fc                        _sbss = .
                0x200000fc                        __bss_start__ = _sbss
 *(.bss)
 .bss           0x200000fc       0x1c /usr/lib/gcc/arm-none-eabi/13.2.1/thumb/v7e-m+fp/hard/crtbegin.o
 *(.bss*)
 .bss.uwTick    0x20000118        0x4 build/stm32f4xx_hal.o
                0x20000118                uwTick
 .bss.cfgidx.0  0x2000011c        0x1 build/usbd_ctlreq.o
 *fill*         0x2000011d        0x3 
 .bss.xQueueRegistry
                0x20000120       0x40 build/queue.o
                0x20000120                xQueueRegistry
 .bss.uxSchedulerSuspended
                0x20000160        0x4 build/tasks.o
 .bss.xIdleTaskHandle
                0x20000164        0x4 build/tasks.o
 .bss.xNextTaskUnblockTime
                0x20000168        0x4 build/tasks.o
 .bss.uxTaskNumber
                0x2000016c        0x4 build/tasks.o
 .bss.xNumOfOverflows
                0x20000170        0x4 build/tasks.o
 .bss.xYieldPending
                0x20000174        0x4 build/tasks.o
 .bss.xPendedTicks
                0x20000178        0x4 build/tasks.o
 .bss.xSchedulerRunning
                0x2000017c        0x4 build/tasks.o
 .bss.uxTopReadyPriority
                0x20000180        0x4 build/tasks.o
 .bss.xTickCount
                0x20000184        0x4 build/tasks.o
 .bss.uxCurrentNumberOfTasks
                0x20000188        0x4 build/tasks.o
 .bss.xSuspendedTaskList
                0x2000018c       0x14 build/tasks.o
 .bss.uxDeletedTasksWaitingCleanUp
                0x200001a0        0x4 build/tasks.o
 .bss.xTasksWaitingTermination
                0x200001a4       0x14 build/tasks.o
 .bss.xPendingReadyList
                0x200001b8       0x14 build/tasks.o
 .bss.pxOverflowDelayedTaskList
                0x200001cc        0x4 build/tasks.o
 .bss.pxDelayedTaskList
                0x200001d0        0x4 build/tasks.o
 .bss.xDelayedTaskList2
                0x200001d4       0x14 build/tasks.o
 .bss.xDelayedTaskList1
                0x200001e8       0x14 build/tasks.o
 .bss.pxReadyTasksLists
                0x200001fc      0x460 build/tasks.o
 .bss.pxCurrentTCB
                0x2000065c        0x4 build/tasks.o
                0x2000065c                pxCurrentTCB
 .bss.xStaticTimerQueue.0
                0x20000660       0x50 build/timers.o
 .bss.ucStaticTimerQueueStorage.1
                0x200006b0       0xa0 build/timers.o
 .bss.xLastTime.2
                0x20000750        0x4 build/timers.o
 .bss.xTimerTaskHandle
                0x20000754        0x4 build/timers.o
 .bss.xTimerQueue
                0x20000758        0x4 build/timers.o
 .bss.pxOverflowTimerList
                0x2000075c        0x4 build/timers.o
 .bss.pxCurrentTimerList
                0x20000760        0x4 build/timers.o
 .bss.xActiveTimerList2
                0x20000764       0x14 build/timers.o
 .bss.xActiveTimerList1
                0x20000778       0x14 build/timers.o
 .bss.Timer_Stack.0
                0x2000078c      0x400 build/cmsis_os2.o
 .bss.Timer_TCB.1
                0x20000b8c       0x5c build/cmsis_os2.o
 .bss.Idle_Stack.2
                0x20000be8      0x200 build/cmsis_os2.o
 .bss.Idle_TCB.3
                0x20000de8       0x5c build/cmsis_os2.o
 .bss.KernelState
                0x20000e44        0x4 build/cmsis_os2.o
 .bss.xBlockAllocatedBit
                0x20000e48        0x4 build/heap_4.o
 .bss.xNumberOfSuccessfulFrees
                0x20000e4c        0x4 build/heap_4.o
 .bss.xNumberOfSuccessfulAllocations
                0x20000e50        0x4 build/heap_4.o
 .bss.xMinimumEverFreeBytesRemaining
                0x20000e54        0x4 build/heap_4.o
 .bss.xFreeBytesRemaining
                0x20000e58        0x4 build/heap_4.o
 .bss.pxEnd     0x20000e5c        0x4 build/heap_4.o
 .bss.xStart    0x20000e60        0x8 build/heap_4.o
 .bss.ucHeap    0x20000e68     0x3c00 build/heap_4.o
 .bss.ulMaxPRIGROUPValue
                0x20004a68        0x4 build/port.o
 .bss.ucMaxSysCallPriority
                0x20004a6c        0x1 build/port.o
 *fill*         0x20004a6d        0x3 
 .bss.hcrc      0x20004a70        0x8 build/crc.o
                0x20004a70                hcrc
 .bss.hspi1     0x20004a78       0x58 build/spi.o
                0x20004a78                hspi1
 .bss.htim1     0x20004ad0       0x48 build/stm32f4xx_hal_timebase_tim.o
                0x20004ad0                htim1
 .bss._acDownBuffer
                0x20004b18       0x10 build/SEGGER_RTT.o
 .bss._acUpBuffer
                0x20004b28      0x400 build/SEGGER_RTT.o
 .bss._SEGGER_RTT
                0x20004f28       0xa8 build/SEGGER_RTT.o
                0x20004f28                _SEGGER_RTT
 .bss.mUsbMgr_taskHandle
                0x20004fd0        0x4 build/usb_mgr.o
                0x20004fd0                mUsbMgr_taskHandle
 .bss.hUsbDeviceFS
                0x20004fd4      0x2dc build/usb_ctrl.o
                0x20004fd4                hUsbDeviceFS
 .bss.UserTxBufferFS
                0x200052b0      0x800 build/usb_ctrl.o
 .bss.UserRxBufferFS
                0x20005ab0      0x800 build/usb_ctrl.o
 .bss.USBD_StrDesc
                0x200062b0      0x200 build/usbd_desc.o
                0x200062b0                USBD_StrDesc
 .bss.mem.0     0x200064b0      0x220 build/usbd_conf.o
 .bss.hpcd_USB_OTG_FS
                0x200066d0      0x4e4 build/usbd_conf.o
                0x200066d0                hpcd_USB_OTG_FS
 *(COMMON)
                0x20006bb4                        . = ALIGN (0x4)
                0x20006bb4                        _ebss = .
                0x20006bb4                        __bss_end__ = _ebss

._user_heap_stack
                0x20006bb4      0x604 load address 0x08006d10
                0x20006bb8                        . = ALIGN (0x8)
 *fill*         0x20006bb4        0x4 
                [!provide]                        PROVIDE (end = .)
                0x20006bb8                        PROVIDE (_end = .)
                0x20006db8                        . = (. + _Min_Heap_Size)
 *fill*         0x20006bb8      0x200 
                0x200071b8                        . = (. + _Min_Stack_Size)
 *fill*         0x20006db8      0x400 
                0x200071b8                        . = ALIGN (0x8)

/DISCARD/
 libc.a(*)
 libm.a(*)
 libgcc.a(*)

.ARM.attributes
                0x00000000       0x30
 *(.ARM.attributes)
 .ARM.attributes
                0x00000000       0x22 /usr/lib/gcc/arm-none-eabi/13.2.1/thumb/v7e-m+fp/hard/crti.o
 .ARM.attributes
                0x00000022       0x34 /usr/lib/gcc/arm-none-eabi/13.2.1/thumb/v7e-m+fp/hard/crtbegin.o
 .ARM.attributes
                0x00000056       0x34 build/stm32f4xx_hal_pcd.o
 .ARM.attributes
                0x0000008a       0x34 build/stm32f4xx_hal_pcd_ex.o
 .ARM.attributes
                0x000000be       0x34 build/stm32f4xx_ll_usb.o
 .ARM.attributes
                0x000000f2       0x34 build/stm32f4xx_hal_rcc.o
 .ARM.attributes
                0x00000126       0x34 build/stm32f4xx_hal_gpio.o
 .ARM.attributes
                0x0000015a       0x34 build/stm32f4xx_hal_cortex.o
 .ARM.attributes
                0x0000018e       0x34 build/stm32f4xx_hal.o
 .ARM.attributes
                0x000001c2       0x34 build/stm32f4xx_hal_crc.o
 .ARM.attributes
                0x000001f6       0x34 build/stm32f4xx_hal_spi.o
 .ARM.attributes
                0x0000022a       0x34 build/stm32f4xx_hal_tim.o
 .ARM.attributes
                0x0000025e       0x34 build/stm32f4xx_hal_tim_ex.o
 .ARM.attributes
                0x00000292       0x34 build/system_stm32f4xx.o
 .ARM.attributes
                0x000002c6       0x34 build/usbd_core.o
 .ARM.attributes
                0x000002fa       0x34 build/usbd_ctlreq.o
 .ARM.attributes
                0x0000032e       0x34 build/usbd_ioreq.o
 .ARM.attributes
                0x00000362       0x34 build/usbd_cdc.o
 .ARM.attributes
                0x00000396       0x34 build/list.o
 .ARM.attributes
                0x000003ca       0x34 build/queue.o
 .ARM.attributes
                0x000003fe       0x34 build/tasks.o
 .ARM.attributes
                0x00000432       0x34 build/timers.o
 .ARM.attributes
                0x00000466       0x34 build/cmsis_os2.o
 .ARM.attributes
                0x0000049a       0x34 build/heap_4.o
 .ARM.attributes
                0x000004ce       0x34 build/port.o
 .ARM.attributes
                0x00000502       0x34 build/crc.o
 .ARM.attributes
                0x00000536       0x34 build/spi.o
 .ARM.attributes
                0x0000056a       0x34 build/stm32f4xx_it.o
 .ARM.attributes
                0x0000059e       0x34 build/stm32f4xx_hal_msp.o
 .ARM.attributes
                0x000005d2       0x34 build/clock.o
 .ARM.attributes
                0x00000606       0x34 build/gpio.o
 .ARM.attributes
                0x0000063a       0x34 build/stm32f4xx_hal_timebase_tim.o
 .ARM.attributes
                0x0000066e       0x34 build/SEGGER_RTT.o
 .ARM.attributes
                0x000006a2       0x34 build/SEGGER_RTT_printf.o
 .ARM.attributes
                0x000006d6       0x34 build/utils.o
 .ARM.attributes
                0x0000070a       0x34 build/task_mgr.o
 .ARM.attributes
                0x0000073e       0x34 build/main.o
 .ARM.attributes
                0x00000772       0x34 build/usb_mgr.o
 .ARM.attributes
                0x000007a6       0x34 build/usb_ctrl.o
 .ARM.attributes
                0x000007da       0x34 build/usbd_desc.o
 .ARM.attributes
                0x0000080e       0x34 build/usbd_conf.o
 .ARM.attributes
                0x00000842       0x21 build/startup_stm32f411xe.o
 .ARM.attributes
                0x00000863       0x34 /usr/lib/gcc/arm-none-eabi/13.2.1/../../../arm-none-eabi/lib/thumb/v7e-m+fp/hard/libc_nano.a(libc_a-init.o)
 .ARM.attributes
                0x00000897       0x34 /usr/lib/gcc/arm-none-eabi/13.2.1/../../../arm-none-eabi/lib/thumb/v7e-m+fp/hard/libc_nano.a(libc_a-memset.o)
 .ARM.attributes
                0x000008cb       0x20 /usr/lib/gcc/arm-none-eabi/13.2.1/../../../arm-none-eabi/lib/thumb/v7e-m+fp/hard/libc_nano.a(libc_a-memcpy.o)
 .ARM.attributes
                0x000008eb       0x22 /usr/lib/gcc/arm-none-eabi/13.2.1/thumb/v7e-m+fp/hard/libgcc.a(_aeabi_uldivmod.o)
 .ARM.attributes
                0x0000090d       0x34 /usr/lib/gcc/arm-none-eabi/13.2.1/thumb/v7e-m+fp/hard/libgcc.a(_udivmoddi4.o)
 .ARM.attributes
                0x00000941       0x22 /usr/lib/gcc/arm-none-eabi/13.2.1/thumb/v7e-m+fp/hard/libgcc.a(_dvmd_tls.o)
 .ARM.attributes
                0x00000963       0x34 /usr/lib/gcc/arm-none-eabi/13.2.1/thumb/v7e-m+fp/hard/crtend.o
 .ARM.attributes
                0x00000997       0x22 /usr/lib/gcc/arm-none-eabi/13.2.1/thumb/v7e-m+fp/hard/crtn.o
OUTPUT(build/Flashloader.elf elf32-littlearm)
LOAD linker stubs
LOAD /usr/lib/gcc/arm-none-eabi/13.2.1/../../../arm-none-eabi/lib/thumb/v7e-m+fp/hard/libc.a
LOAD /usr/lib/gcc/arm-none-eabi/13.2.1/../../../arm-none-eabi/lib/thumb/v7e-m+fp/hard/libm.a
LOAD /usr/lib/gcc/arm-none-eabi/13.2.1/thumb/v7e-m+fp/hard/libgcc.a

.comment        0x00000000       0x26
 .comment       0x00000000       0x26 /usr/lib/gcc/arm-none-eabi/13.2.1/thumb/v7e-m+fp/hard/crtbegin.o
                                 0x27 (size before relaxing)
 .comment       0x00000026       0x27 build/stm32f4xx_hal_pcd.o
 .comment       0x00000026       0x27 build/stm32f4xx_hal_pcd_ex.o
 .comment       0x00000026       0x27 build/stm32f4xx_ll_usb.o
 .comment       0x00000026       0x27 build/stm32f4xx_hal_rcc.o
 .comment       0x00000026       0x27 build/stm32f4xx_hal_gpio.o
 .comment       0x00000026       0x27 build/stm32f4xx_hal_cortex.o
 .comment       0x00000026       0x27 build/stm32f4xx_hal.o
 .comment       0x00000026       0x27 build/stm32f4xx_hal_crc.o
 .comment       0x00000026       0x27 build/stm32f4xx_hal_spi.o
 .comment       0x00000026       0x27 build/stm32f4xx_hal_tim.o
 .comment       0x00000026       0x27 build/stm32f4xx_hal_tim_ex.o
 .comment       0x00000026       0x27 build/system_stm32f4xx.o
 .comment       0x00000026       0x27 build/usbd_core.o
 .comment       0x00000026       0x27 build/usbd_ctlreq.o
 .comment       0x00000026       0x27 build/usbd_ioreq.o
 .comment       0x00000026       0x27 build/usbd_cdc.o
 .comment       0x00000026       0x27 build/list.o
 .comment       0x00000026       0x27 build/queue.o
 .comment       0x00000026       0x27 build/tasks.o
 .comment       0x00000026       0x27 build/timers.o
 .comment       0x00000026       0x27 build/cmsis_os2.o
 .comment       0x00000026       0x27 build/heap_4.o
 .comment       0x00000026       0x27 build/port.o
 .comment       0x00000026       0x27 build/crc.o
 .comment       0x00000026       0x27 build/spi.o
 .comment       0x00000026       0x27 build/stm32f4xx_it.o
 .comment       0x00000026       0x27 build/stm32f4xx_hal_msp.o
 .comment       0x00000026       0x27 build/clock.o
 .comment       0x00000026       0x27 build/gpio.o
 .comment       0x00000026       0x27 build/stm32f4xx_hal_timebase_tim.o
 .comment       0x00000026       0x27 build/SEGGER_RTT.o
 .comment       0x00000026       0x27 build/SEGGER_RTT_printf.o
 .comment       0x00000026       0x27 build/utils.o
 .comment       0x00000026       0x27 build/task_mgr.o
 .comment       0x00000026       0x27 build/main.o
 .comment       0x00000026       0x27 build/usb_mgr.o
 .comment       0x00000026       0x27 build/usb_ctrl.o
 .comment       0x00000026       0x27 build/usbd_desc.o
 .comment       0x00000026       0x27 build/usbd_conf.o
 .comment       0x00000026       0x27 /usr/lib/gcc/arm-none-eabi/13.2.1/../../../arm-none-eabi/lib/thumb/v7e-m+fp/hard/libc_nano.a(libc_a-init.o)
 .comment       0x00000026       0x27 /usr/lib/gcc/arm-none-eabi/13.2.1/../../../arm-none-eabi/lib/thumb/v7e-m+fp/hard/libc_nano.a(libc_a-memset.o)
 .comment       0x00000026       0x27 /usr/lib/gcc/arm-none-eabi/13.2.1/thumb/v7e-m+fp/hard/libgcc.a(_udivmoddi4.o)
 .comment       0x00000026       0x27 /usr/lib/gcc/arm-none-eabi/13.2.1/thumb/v7e-m+fp/hard/crtend.o

.debug_info     0x00000000    0x2d663
 .debug_info    0x00000000     0x1f9c build/stm32f4xx_hal_pcd.o
 .debug_info    0x00001f9c      0x7a7 build/stm32f4xx_hal_pcd_ex.o
 .debug_info    0x00002743     0x2225 build/stm32f4xx_ll_usb.o
 .debug_info    0x00004968      0xc07 build/stm32f4xx_hal_rcc.o
 .debug_info    0x0000556f      0x84e build/stm32f4xx_hal_gpio.o
 .debug_info    0x00005dbd     0x10f1 build/stm32f4xx_hal_cortex.o
 .debug_info    0x00006eae      0xa85 build/stm32f4xx_hal.o
 .debug_info    0x00007933      0x3fd build/stm32f4xx_hal_crc.o
 .debug_info    0x00007d30     0x2064 build/stm32f4xx_hal_spi.o
 .debug_info    0x00009d94     0x4180 build/stm32f4xx_hal_tim.o
 .debug_info    0x0000df14     0x1d85 build/stm32f4xx_hal_tim_ex.o
 .debug_info    0x0000fc99      0x5cd build/system_stm32f4xx.o
 .debug_info    0x00010266     0x14ba build/usbd_core.o
 .debug_info    0x00011720     0x1599 build/usbd_ctlreq.o
 .debug_info    0x00012cb9      0x9f5 build/usbd_ioreq.o
 .debug_info    0x000136ae     0x1951 build/usbd_cdc.o
 .debug_info    0x00014fff      0x303 build/list.o
 .debug_info    0x00015302     0x2a24 build/queue.o
 .debug_info    0x00017d26     0x338a build/tasks.o
 .debug_info    0x0001b0b0     0x1d13 build/timers.o
 .debug_info    0x0001cdc3     0x52eb build/cmsis_os2.o
 .debug_info    0x000220ae      0x5f4 build/heap_4.o
 .debug_info    0x000226a2      0x5aa build/port.o
 .debug_info    0x00022c4c      0x50a build/crc.o
 .debug_info    0x00023156      0xb51 build/spi.o
 .debug_info    0x00023ca7      0xd2d build/stm32f4xx_it.o
 .debug_info    0x000249d4      0x4f0 build/stm32f4xx_hal_msp.o
 .debug_info    0x00024ec4      0x5d1 build/clock.o
 .debug_info    0x00025495      0x311 build/gpio.o
 .debug_info    0x000257a6      0xd53 build/stm32f4xx_hal_timebase_tim.o
 .debug_info    0x000264f9     0x1fd0 build/SEGGER_RTT.o
 .debug_info    0x000284c9      0x703 build/SEGGER_RTT_printf.o
 .debug_info    0x00028bcc      0x153 build/utils.o
 .debug_info    0x00028d1f      0x255 build/task_mgr.o
 .debug_info    0x00028f74      0x11d build/main.o
 .debug_info    0x00029091      0x457 build/usb_mgr.o
 .debug_info    0x000294e8      0xcb0 build/usb_ctrl.o
 .debug_info    0x0002a198      0x644 build/usbd_desc.o
 .debug_info    0x0002a7dc     0x248f build/usbd_conf.o
 .debug_info    0x0002cc6b       0x30 build/startup_stm32f411xe.o
 .debug_info    0x0002cc9b      0x10b /usr/lib/gcc/arm-none-eabi/13.2.1/../../../arm-none-eabi/lib/thumb/v7e-m+fp/hard/libc_nano.a(libc_a-init.o)
 .debug_info    0x0002cda6      0x135 /usr/lib/gcc/arm-none-eabi/13.2.1/../../../arm-none-eabi/lib/thumb/v7e-m+fp/hard/libc_nano.a(libc_a-memset.o)
 .debug_info    0x0002cedb       0x33 /usr/lib/gcc/arm-none-eabi/13.2.1/../../../arm-none-eabi/lib/thumb/v7e-m+fp/hard/libc_nano.a(libc_a-memcpy.o)
 .debug_info    0x0002cf0e       0x24 /usr/lib/gcc/arm-none-eabi/13.2.1/thumb/v7e-m+fp/hard/libgcc.a(_aeabi_uldivmod.o)
 .debug_info    0x0002cf32      0x6f5 /usr/lib/gcc/arm-none-eabi/13.2.1/thumb/v7e-m+fp/hard/libgcc.a(_udivmoddi4.o)
 .debug_info    0x0002d627       0x3c /usr/lib/gcc/arm-none-eabi/13.2.1/thumb/v7e-m+fp/hard/libgcc.a(_dvmd_tls.o)

.debug_abbrev   0x00000000     0x61a3
 .debug_abbrev  0x00000000      0x2e7 build/stm32f4xx_hal_pcd.o
 .debug_abbrev  0x000002e7      0x1c5 build/stm32f4xx_hal_pcd_ex.o
 .debug_abbrev  0x000004ac      0x344 build/stm32f4xx_ll_usb.o
 .debug_abbrev  0x000007f0      0x2de build/stm32f4xx_hal_rcc.o
 .debug_abbrev  0x00000ace      0x22b build/stm32f4xx_hal_gpio.o
 .debug_abbrev  0x00000cf9      0x3d3 build/stm32f4xx_hal_cortex.o
 .debug_abbrev  0x000010cc      0x275 build/stm32f4xx_hal.o
 .debug_abbrev  0x00001341      0x1ba build/stm32f4xx_hal_crc.o
 .debug_abbrev  0x000014fb      0x2d3 build/stm32f4xx_hal_spi.o
 .debug_abbrev  0x000017ce      0x2ce build/stm32f4xx_hal_tim.o
 .debug_abbrev  0x00001a9c      0x2c8 build/stm32f4xx_hal_tim_ex.o
 .debug_abbrev  0x00001d64      0x11b build/system_stm32f4xx.o
 .debug_abbrev  0x00001e7f      0x2f7 build/usbd_core.o
 .debug_abbrev  0x00002176      0x359 build/usbd_ctlreq.o
 .debug_abbrev  0x000024cf      0x195 build/usbd_ioreq.o
 .debug_abbrev  0x00002664      0x32f build/usbd_cdc.o
 .debug_abbrev  0x00002993      0x124 build/list.o
 .debug_abbrev  0x00002ab7      0x431 build/queue.o
 .debug_abbrev  0x00002ee8      0x400 build/tasks.o
 .debug_abbrev  0x000032e8      0x3d4 build/timers.o
 .debug_abbrev  0x000036bc      0x5db build/cmsis_os2.o
 .debug_abbrev  0x00003c97      0x27a build/heap_4.o
 .debug_abbrev  0x00003f11      0x2af build/port.o
 .debug_abbrev  0x000041c0      0x1de build/crc.o
 .debug_abbrev  0x0000439e      0x208 build/spi.o
 .debug_abbrev  0x000045a6      0x1d9 build/stm32f4xx_it.o
 .debug_abbrev  0x0000477f      0x122 build/stm32f4xx_hal_msp.o
 .debug_abbrev  0x000048a1      0x19c build/clock.o
 .debug_abbrev  0x00004a3d       0xd3 build/gpio.o
 .debug_abbrev  0x00004b10      0x23e build/stm32f4xx_hal_timebase_tim.o
 .debug_abbrev  0x00004d4e      0x2a2 build/SEGGER_RTT.o
 .debug_abbrev  0x00004ff0      0x222 build/SEGGER_RTT_printf.o
 .debug_abbrev  0x00005212       0xcd build/utils.o
 .debug_abbrev  0x000052df      0x130 build/task_mgr.o
 .debug_abbrev  0x0000540f       0xb2 build/main.o
 .debug_abbrev  0x000054c1      0x179 build/usb_mgr.o
 .debug_abbrev  0x0000563a      0x2b0 build/usb_ctrl.o
 .debug_abbrev  0x000058ea      0x208 build/usbd_desc.o
 .debug_abbrev  0x00005af2      0x348 build/usbd_conf.o
 .debug_abbrev  0x00005e3a       0x1d build/startup_stm32f411xe.o
 .debug_abbrev  0x00005e57       0xc9 /usr/lib/gcc/arm-none-eabi/13.2.1/../../../arm-none-eabi/lib/thumb/v7e-m+fp/hard/libc_nano.a(libc_a-init.o)
 .debug_abbrev  0x00005f20       0xb7 /usr/lib/gcc/arm-none-eabi/13.2.1/../../../arm-none-eabi/lib/thumb/v7e-m+fp/hard/libc_nano.a(libc_a-memset.o)
 .debug_abbrev  0x00005fd7       0x28 /usr/lib/gcc/arm-none-eabi/13.2.1/../../../arm-none-eabi/lib/thumb/v7e-m+fp/hard/libc_nano.a(libc_a-memcpy.o)
 .debug_abbrev  0x00005fff       0x14 /usr/lib/gcc/arm-none-eabi/13.2.1/thumb/v7e-m+fp/hard/libgcc.a(_aeabi_uldivmod.o)
 .debug_abbrev  0x00006013      0x16a /usr/lib/gcc/arm-none-eabi/13.2.1/thumb/v7e-m+fp/hard/libgcc.a(_udivmoddi4.o)
 .debug_abbrev  0x0000617d       0x26 /usr/lib/gcc/arm-none-eabi/13.2.1/thumb/v7e-m+fp/hard/libgcc.a(_dvmd_tls.o)

.debug_loc      0x00000000    0x26f2b
 .debug_loc     0x00000000     0x1862 build/stm32f4xx_hal_pcd.o
 .debug_loc     0x00001862      0x13d build/stm32f4xx_hal_pcd_ex.o
 .debug_loc     0x0000199f     0x29f4 build/stm32f4xx_ll_usb.o
 .debug_loc     0x00004393      0x720 build/stm32f4xx_hal_rcc.o
 .debug_loc     0x00004ab3      0x60b build/stm32f4xx_hal_gpio.o
 .debug_loc     0x000050be      0x8ff build/stm32f4xx_hal_cortex.o
 .debug_loc     0x000059bd      0x1f9 build/stm32f4xx_hal.o
 .debug_loc     0x00005bb6      0x2d5 build/stm32f4xx_hal_crc.o
 .debug_loc     0x00005e8b     0x29ff build/stm32f4xx_hal_spi.o
 .debug_loc     0x0000888a     0x6163 build/stm32f4xx_hal_tim.o
 .debug_loc     0x0000e9ed     0x22d2 build/stm32f4xx_hal_tim_ex.o
 .debug_loc     0x00010cbf      0x181 build/system_stm32f4xx.o
 .debug_loc     0x00010e40     0x1104 build/usbd_core.o
 .debug_loc     0x00011f44     0x1ba4 build/usbd_ctlreq.o
 .debug_loc     0x00013ae8      0x3f8 build/usbd_ioreq.o
 .debug_loc     0x00013ee0      0xc8a build/usbd_cdc.o
 .debug_loc     0x00014b6a       0xeb build/list.o
 .debug_loc     0x00014c55     0x20d9 build/queue.o
 .debug_loc     0x00016d2e     0x2bf5 build/tasks.o
 .debug_loc     0x00019923     0x16fe build/timers.o
 .debug_loc     0x0001b021     0x6694 build/cmsis_os2.o
 .debug_loc     0x000216b5      0x51c build/heap_4.o
 .debug_loc     0x00021bd1      0x1c6 build/port.o
 .debug_loc     0x00021d97       0x4c build/crc.o
 .debug_loc     0x00021de3      0x120 build/spi.o
 .debug_loc     0x00021f03       0x60 build/stm32f4xx_it.o
 .debug_loc     0x00021f63       0x38 build/stm32f4xx_hal_msp.o
 .debug_loc     0x00021f9b       0x46 build/clock.o
 .debug_loc     0x00021fe1       0x2c build/gpio.o
 .debug_loc     0x0002200d      0x10f build/stm32f4xx_hal_timebase_tim.o
 .debug_loc     0x0002211c     0x2bff build/SEGGER_RTT.o
 .debug_loc     0x00024d1b      0x94f build/SEGGER_RTT_printf.o
 .debug_loc     0x0002566a       0x78 build/utils.o
 .debug_loc     0x000256e2       0x60 build/task_mgr.o
 .debug_loc     0x00025742       0x20 build/main.o
 .debug_loc     0x00025762       0x6b build/usb_mgr.o
 .debug_loc     0x000257cd      0x208 build/usb_ctrl.o
 .debug_loc     0x000259d5      0x4e7 build/usbd_desc.o
 .debug_loc     0x00025ebc     0x106f build/usbd_conf.o

.debug_aranges  0x00000000     0x1da8
 .debug_aranges
                0x00000000      0x148 build/stm32f4xx_hal_pcd.o
 .debug_aranges
                0x00000148       0x38 build/stm32f4xx_hal_pcd_ex.o
 .debug_aranges
                0x00000180      0x1a0 build/stm32f4xx_ll_usb.o
 .debug_aranges
                0x00000320       0x88 build/stm32f4xx_hal_rcc.o
 .debug_aranges
                0x000003a8       0x58 build/stm32f4xx_hal_gpio.o
 .debug_aranges
                0x00000400       0xe8 build/stm32f4xx_hal_cortex.o
 .debug_aranges
                0x000004e8       0xf0 build/stm32f4xx_hal.o
 .debug_aranges
                0x000005d8       0x50 build/stm32f4xx_hal_crc.o
 .debug_aranges
                0x00000628      0x1d0 build/stm32f4xx_hal_spi.o
 .debug_aranges
                0x000007f8      0x3d0 build/stm32f4xx_hal_tim.o
 .debug_aranges
                0x00000bc8      0x168 build/stm32f4xx_hal_tim_ex.o
 .debug_aranges
                0x00000d30       0x28 build/system_stm32f4xx.o
 .debug_aranges
                0x00000d58       0xd8 build/usbd_core.o
 .debug_aranges
                0x00000e30       0x88 build/usbd_ctlreq.o
 .debug_aranges
                0x00000eb8       0x50 build/usbd_ioreq.o
 .debug_aranges
                0x00000f08       0x90 build/usbd_cdc.o
 .debug_aranges
                0x00000f98       0x40 build/list.o
 .debug_aranges
                0x00000fd8      0x158 build/queue.o
 .debug_aranges
                0x00001130      0x208 build/tasks.o
 .debug_aranges
                0x00001338       0xf0 build/timers.o
 .debug_aranges
                0x00001428      0x2a0 build/cmsis_os2.o
 .debug_aranges
                0x000016c8       0x58 build/heap_4.o
 .debug_aranges
                0x00001720       0x80 build/port.o
 .debug_aranges
                0x000017a0       0x30 build/crc.o
 .debug_aranges
                0x000017d0       0x30 build/spi.o
 .debug_aranges
                0x00001800       0x58 build/stm32f4xx_it.o
 .debug_aranges
                0x00001858       0x20 build/stm32f4xx_hal_msp.o
 .debug_aranges
                0x00001878       0x20 build/clock.o
 .debug_aranges
                0x00001898       0x20 build/gpio.o
 .debug_aranges
                0x000018b8       0x30 build/stm32f4xx_hal_timebase_tim.o
 .debug_aranges
                0x000018e8      0x138 build/SEGGER_RTT.o
 .debug_aranges
                0x00001a20       0x40 build/SEGGER_RTT_printf.o
 .debug_aranges
                0x00001a60       0x28 build/utils.o
 .debug_aranges
                0x00001a88       0x30 build/task_mgr.o
 .debug_aranges
                0x00001ab8       0x20 build/main.o
 .debug_aranges
                0x00001ad8       0x28 build/usb_mgr.o
 .debug_aranges
                0x00001b00       0x50 build/usb_ctrl.o
 .debug_aranges
                0x00001b50       0x60 build/usbd_desc.o
 .debug_aranges
                0x00001bb0      0x110 build/usbd_conf.o
 .debug_aranges
                0x00001cc0       0x28 build/startup_stm32f411xe.o
 .debug_aranges
                0x00001ce8       0x20 /usr/lib/gcc/arm-none-eabi/13.2.1/../../../arm-none-eabi/lib/thumb/v7e-m+fp/hard/libc_nano.a(libc_a-init.o)
 .debug_aranges
                0x00001d08       0x20 /usr/lib/gcc/arm-none-eabi/13.2.1/../../../arm-none-eabi/lib/thumb/v7e-m+fp/hard/libc_nano.a(libc_a-memset.o)
 .debug_aranges
                0x00001d28       0x20 /usr/lib/gcc/arm-none-eabi/13.2.1/../../../arm-none-eabi/lib/thumb/v7e-m+fp/hard/libc_nano.a(libc_a-memcpy.o)
 .debug_aranges
                0x00001d48       0x20 /usr/lib/gcc/arm-none-eabi/13.2.1/thumb/v7e-m+fp/hard/libgcc.a(_aeabi_uldivmod.o)
 .debug_aranges
                0x00001d68       0x20 /usr/lib/gcc/arm-none-eabi/13.2.1/thumb/v7e-m+fp/hard/libgcc.a(_udivmoddi4.o)
 .debug_aranges
                0x00001d88       0x20 /usr/lib/gcc/arm-none-eabi/13.2.1/thumb/v7e-m+fp/hard/libgcc.a(_dvmd_tls.o)

.debug_ranges   0x00000000     0x1ef0
 .debug_ranges  0x00000000      0x138 build/stm32f4xx_hal_pcd.o
 .debug_ranges  0x00000138       0x28 build/stm32f4xx_hal_pcd_ex.o
 .debug_ranges  0x00000160      0x190 build/stm32f4xx_ll_usb.o
 .debug_ranges  0x000002f0       0x90 build/stm32f4xx_hal_rcc.o
 .debug_ranges  0x00000380       0x48 build/stm32f4xx_hal_gpio.o
 .debug_ranges  0x000003c8       0xd8 build/stm32f4xx_hal_cortex.o
 .debug_ranges  0x000004a0       0xe0 build/stm32f4xx_hal.o
 .debug_ranges  0x00000580       0x40 build/stm32f4xx_hal_crc.o
 .debug_ranges  0x000005c0      0x1c0 build/stm32f4xx_hal_spi.o
 .debug_ranges  0x00000780      0x3c0 build/stm32f4xx_hal_tim.o
 .debug_ranges  0x00000b40      0x158 build/stm32f4xx_hal_tim_ex.o
 .debug_ranges  0x00000c98       0x18 build/system_stm32f4xx.o
 .debug_ranges  0x00000cb0       0xc8 build/usbd_core.o
 .debug_ranges  0x00000d78       0x78 build/usbd_ctlreq.o
 .debug_ranges  0x00000df0       0x40 build/usbd_ioreq.o
 .debug_ranges  0x00000e30       0x80 build/usbd_cdc.o
 .debug_ranges  0x00000eb0       0x30 build/list.o
 .debug_ranges  0x00000ee0      0x218 build/queue.o
 .debug_ranges  0x000010f8      0x338 build/tasks.o
 .debug_ranges  0x00001430       0xe0 build/timers.o
 .debug_ranges  0x00001510      0x290 build/cmsis_os2.o
 .debug_ranges  0x000017a0       0x48 build/heap_4.o
 .debug_ranges  0x000017e8       0x88 build/port.o
 .debug_ranges  0x00001870       0x20 build/crc.o
 .debug_ranges  0x00001890       0x20 build/spi.o
 .debug_ranges  0x000018b0       0x48 build/stm32f4xx_it.o
 .debug_ranges  0x000018f8       0x10 build/stm32f4xx_hal_msp.o
 .debug_ranges  0x00001908       0x10 build/clock.o
 .debug_ranges  0x00001918       0x10 build/gpio.o
 .debug_ranges  0x00001928       0x20 build/stm32f4xx_hal_timebase_tim.o
 .debug_ranges  0x00001948      0x368 build/SEGGER_RTT.o
 .debug_ranges  0x00001cb0       0x30 build/SEGGER_RTT_printf.o
 .debug_ranges  0x00001ce0       0x18 build/utils.o
 .debug_ranges  0x00001cf8       0x20 build/task_mgr.o
 .debug_ranges  0x00001d18       0x10 build/main.o
 .debug_ranges  0x00001d28       0x18 build/usb_mgr.o
 .debug_ranges  0x00001d40       0x40 build/usb_ctrl.o
 .debug_ranges  0x00001d80       0x50 build/usbd_desc.o
 .debug_ranges  0x00001dd0      0x100 build/usbd_conf.o
 .debug_ranges  0x00001ed0       0x20 build/startup_stm32f411xe.o

.debug_line     0x00000000    0x1c905
 .debug_line    0x00000000     0x140a build/stm32f4xx_hal_pcd.o
 .debug_line    0x0000140a      0x239 build/stm32f4xx_hal_pcd_ex.o
 .debug_line    0x00001643     0x1e87 build/stm32f4xx_ll_usb.o
 .debug_line    0x000034ca      0xb1d build/stm32f4xx_hal_rcc.o
 .debug_line    0x00003fe7      0x652 build/stm32f4xx_hal_gpio.o
 .debug_line    0x00004639      0x7b2 build/stm32f4xx_hal_cortex.o
 .debug_line    0x00004deb      0x50a build/stm32f4xx_hal.o
 .debug_line    0x000052f5      0x338 build/stm32f4xx_hal_crc.o
 .debug_line    0x0000562d     0x243e build/stm32f4xx_hal_spi.o
 .debug_line    0x00007a6b     0x4609 build/stm32f4xx_hal_tim.o
 .debug_line    0x0000c074     0x19ec build/stm32f4xx_hal_tim_ex.o
 .debug_line    0x0000da60      0x1ee build/system_stm32f4xx.o
 .debug_line    0x0000dc4e      0x97e build/usbd_core.o
 .debug_line    0x0000e5cc      0xc9f build/usbd_ctlreq.o
 .debug_line    0x0000f26b      0x235 build/usbd_ioreq.o
 .debug_line    0x0000f4a0      0x9b6 build/usbd_cdc.o
 .debug_line    0x0000fe56      0x2eb build/list.o
 .debug_line    0x00010141     0x1bfd build/queue.o
 .debug_line    0x00011d3e     0x26c5 build/tasks.o
 .debug_line    0x00014403      0xd2e build/timers.o
 .debug_line    0x00015131     0x2b09 build/cmsis_os2.o
 .debug_line    0x00017c3a      0x643 build/heap_4.o
 .debug_line    0x0001827d      0x5ae build/port.o
 .debug_line    0x0001882b      0x1d7 build/crc.o
 .debug_line    0x00018a02      0x29b build/spi.o
 .debug_line    0x00018c9d      0x23b build/stm32f4xx_it.o
 .debug_line    0x00018ed8      0x132 build/stm32f4xx_hal_msp.o
 .debug_line    0x0001900a      0x21a build/clock.o
 .debug_line    0x00019224       0xdd build/gpio.o
 .debug_line    0x00019301      0x26a build/stm32f4xx_hal_timebase_tim.o
 .debug_line    0x0001956b     0x1236 build/SEGGER_RTT.o
 .debug_line    0x0001a7a1      0x622 build/SEGGER_RTT_printf.o
 .debug_line    0x0001adc3       0xca build/utils.o
 .debug_line    0x0001ae8d      0x19f build/task_mgr.o
 .debug_line    0x0001b02c       0x7e build/main.o
 .debug_line    0x0001b0aa      0x13a build/usb_mgr.o
 .debug_line    0x0001b1e4      0x281 build/usb_ctrl.o
 .debug_line    0x0001b465      0x2c2 build/usbd_desc.o
 .debug_line    0x0001b727      0x7d2 build/usbd_conf.o
 .debug_line    0x0001bef9       0x73 build/startup_stm32f411xe.o
 .debug_line    0x0001bf6c      0x11e /usr/lib/gcc/arm-none-eabi/13.2.1/../../../arm-none-eabi/lib/thumb/v7e-m+fp/hard/libc_nano.a(libc_a-init.o)
 .debug_line    0x0001c08a      0x1b6 /usr/lib/gcc/arm-none-eabi/13.2.1/../../../arm-none-eabi/lib/thumb/v7e-m+fp/hard/libc_nano.a(libc_a-memset.o)
 .debug_line    0x0001c240       0xb9 /usr/lib/gcc/arm-none-eabi/13.2.1/../../../arm-none-eabi/lib/thumb/v7e-m+fp/hard/libc_nano.a(libc_a-memcpy.o)
 .debug_line    0x0001c2f9       0x4e /usr/lib/gcc/arm-none-eabi/13.2.1/thumb/v7e-m+fp/hard/libgcc.a(_aeabi_uldivmod.o)
 .debug_line    0x0001c347      0x574 /usr/lib/gcc/arm-none-eabi/13.2.1/thumb/v7e-m+fp/hard/libgcc.a(_udivmoddi4.o)
 .debug_line    0x0001c8bb       0x4a /usr/lib/gcc/arm-none-eabi/13.2.1/thumb/v7e-m+fp/hard/libgcc.a(_dvmd_tls.o)

.debug_str      0x00000000     0x9aa0
 .debug_str     0x00000000     0x9aa0 build/stm32f4xx_hal_pcd.o
                                0xdd3 (size before relaxing)
 .debug_str     0x00009aa0      0x6fd build/stm32f4xx_hal_pcd_ex.o
 .debug_str     0x00009aa0      0xcfc build/stm32f4xx_ll_usb.o
 .debug_str     0x00009aa0      0x6c7 build/stm32f4xx_hal_rcc.o
 .debug_str     0x00009aa0      0x4ac build/stm32f4xx_hal_gpio.o
 .debug_str     0x00009aa0      0xaa6 build/stm32f4xx_hal_cortex.o
 .debug_str     0x00009aa0      0x9ed build/stm32f4xx_hal.o
 .debug_str     0x00009aa0      0x35d build/stm32f4xx_hal_crc.o
 .debug_str     0x00009aa0      0xbb4 build/stm32f4xx_hal_spi.o
 .debug_str     0x00009aa0     0x16c3 build/stm32f4xx_hal_tim.o
 .debug_str     0x00009aa0      0xecf build/stm32f4xx_hal_tim_ex.o
 .debug_str     0x00009aa0      0x353 build/system_stm32f4xx.o
 .debug_str     0x00009aa0      0x9a0 build/usbd_core.o
 .debug_str     0x00009aa0      0x7bc build/usbd_ctlreq.o
 .debug_str     0x00009aa0      0x691 build/usbd_ioreq.o
 .debug_str     0x00009aa0      0xd48 build/usbd_cdc.o
 .debug_str     0x00009aa0      0x2d0 build/list.o
 .debug_str     0x00009aa0      0xcd3 build/queue.o
 .debug_str     0x00009aa0     0x12a0 build/tasks.o
 .debug_str     0x00009aa0      0xc0c build/timers.o
 .debug_str     0x00009aa0     0x201a build/cmsis_os2.o
 .debug_str     0x00009aa0      0x4df build/heap_4.o
 .debug_str     0x00009aa0      0x446 build/port.o
 .debug_str     0x00009aa0      0x3fe build/crc.o
 .debug_str     0x00009aa0      0x7da build/spi.o
 .debug_str     0x00009aa0      0xb0b build/stm32f4xx_it.o
 .debug_str     0x00009aa0      0x658 build/stm32f4xx_hal_msp.o
 .debug_str     0x00009aa0      0x456 build/clock.o
 .debug_str     0x00009aa0      0x297 build/gpio.o
 .debug_str     0x00009aa0      0xcec build/stm32f4xx_hal_timebase_tim.o
 .debug_str     0x00009aa0      0x6a4 build/SEGGER_RTT.o
 .debug_str     0x00009aa0      0x2c0 build/SEGGER_RTT_printf.o
 .debug_str     0x00009aa0      0x1ab build/utils.o
 .debug_str     0x00009aa0      0x2cc build/task_mgr.o
 .debug_str     0x00009aa0      0x1a2 build/main.o
 .debug_str     0x00009aa0      0x6de build/usb_mgr.o
 .debug_str     0x00009aa0      0x7b3 build/usb_ctrl.o
 .debug_str     0x00009aa0      0x40b build/usbd_desc.o
 .debug_str     0x00009aa0     0x1437 build/usbd_conf.o
 .debug_str     0x00009aa0       0x50 build/startup_stm32f411xe.o
 .debug_str     0x00009aa0      0x1fa /usr/lib/gcc/arm-none-eabi/13.2.1/../../../arm-none-eabi/lib/thumb/v7e-m+fp/hard/libc_nano.a(libc_a-init.o)
 .debug_str     0x00009aa0      0x1ad /usr/lib/gcc/arm-none-eabi/13.2.1/../../../arm-none-eabi/lib/thumb/v7e-m+fp/hard/libc_nano.a(libc_a-memset.o)
 .debug_str     0x00009aa0       0xac /usr/lib/gcc/arm-none-eabi/13.2.1/../../../arm-none-eabi/lib/thumb/v7e-m+fp/hard/libc_nano.a(libc_a-memcpy.o)
 .debug_str     0x00009aa0       0xa3 /usr/lib/gcc/arm-none-eabi/13.2.1/thumb/v7e-m+fp/hard/libgcc.a(_aeabi_uldivmod.o)
 .debug_str     0x00009aa0      0x685 /usr/lib/gcc/arm-none-eabi/13.2.1/thumb/v7e-m+fp/hard/libgcc.a(_udivmoddi4.o)
 .debug_str     0x00009aa0       0xc3 /usr/lib/gcc/arm-none-eabi/13.2.1/thumb/v7e-m+fp/hard/libgcc.a(_dvmd_tls.o)

.debug_frame    0x00000000     0x5104
 .debug_frame   0x00000000      0x388 build/stm32f4xx_hal_pcd.o
 .debug_frame   0x00000388       0x5c build/stm32f4xx_hal_pcd_ex.o
 .debug_frame   0x000003e4      0x490 build/stm32f4xx_ll_usb.o
 .debug_frame   0x00000874      0x16c build/stm32f4xx_hal_rcc.o
 .debug_frame   0x000009e0       0xd8 build/stm32f4xx_hal_gpio.o
 .debug_frame   0x00000ab8      0x1f4 build/stm32f4xx_hal_cortex.o
 .debug_frame   0x00000cac      0x1ec build/stm32f4xx_hal.o
 .debug_frame   0x00000e98       0xb8 build/stm32f4xx_hal_crc.o
 .debug_frame   0x00000f50      0x5c8 build/stm32f4xx_hal_spi.o
 .debug_frame   0x00001518      0xb20 build/stm32f4xx_hal_tim.o
 .debug_frame   0x00002038      0x418 build/stm32f4xx_hal_tim_ex.o
 .debug_frame   0x00002450       0x30 build/system_stm32f4xx.o
 .debug_frame   0x00002480      0x240 build/usbd_core.o
 .debug_frame   0x000026c0      0x180 build/usbd_ctlreq.o
 .debug_frame   0x00002840       0xb8 build/usbd_ioreq.o
 .debug_frame   0x000028f8      0x190 build/usbd_cdc.o
 .debug_frame   0x00002a88       0x70 build/list.o
 .debug_frame   0x00002af8      0x458 build/queue.o
 .debug_frame   0x00002f50      0x684 build/tasks.o
 .debug_frame   0x000035d4      0x30c build/timers.o
 .debug_frame   0x000038e0      0x90c build/cmsis_os2.o
 .debug_frame   0x000041ec       0xd0 build/heap_4.o
 .debug_frame   0x000042bc      0x110 build/port.o
 .debug_frame   0x000043cc       0x50 build/crc.o
 .debug_frame   0x0000441c       0x60 build/spi.o
 .debug_frame   0x0000447c       0xa8 build/stm32f4xx_it.o
 .debug_frame   0x00004524       0x2c build/stm32f4xx_hal_msp.o
 .debug_frame   0x00004550       0x30 build/clock.o
 .debug_frame   0x00004580       0x28 build/gpio.o
 .debug_frame   0x000045a8       0x54 build/stm32f4xx_hal_timebase_tim.o
 .debug_frame   0x000045fc      0x414 build/SEGGER_RTT.o
 .debug_frame   0x00004a10       0xd4 build/SEGGER_RTT_printf.o
 .debug_frame   0x00004ae4       0x40 build/utils.o
 .debug_frame   0x00004b24       0x58 build/task_mgr.o
 .debug_frame   0x00004b7c       0x28 build/main.o
 .debug_frame   0x00004ba4       0x40 build/usb_mgr.o
 .debug_frame   0x00004be4       0xa0 build/usb_ctrl.o
 .debug_frame   0x00004c84       0xe0 build/usbd_desc.o
 .debug_frame   0x00004d64      0x2e8 build/usbd_conf.o
 .debug_frame   0x0000504c       0x2c /usr/lib/gcc/arm-none-eabi/13.2.1/../../../arm-none-eabi/lib/thumb/v7e-m+fp/hard/libc_nano.a(libc_a-init.o)
 .debug_frame   0x00005078       0x2c /usr/lib/gcc/arm-none-eabi/13.2.1/../../../arm-none-eabi/lib/thumb/v7e-m+fp/hard/libc_nano.a(libc_a-memset.o)
 .debug_frame   0x000050a4       0x2c /usr/lib/gcc/arm-none-eabi/13.2.1/thumb/v7e-m+fp/hard/libgcc.a(_aeabi_uldivmod.o)
 .debug_frame   0x000050d0       0x34 /usr/lib/gcc/arm-none-eabi/13.2.1/thumb/v7e-m+fp/hard/libgcc.a(_udivmoddi4.o)

.debug_loclists
                0x00000000      0xc0b
 .debug_loclists
                0x00000000       0x65 /usr/lib/gcc/arm-none-eabi/13.2.1/../../../arm-none-eabi/lib/thumb/v7e-m+fp/hard/libc_nano.a(libc_a-init.o)
 .debug_loclists
                0x00000065      0x1c2 /usr/lib/gcc/arm-none-eabi/13.2.1/../../../arm-none-eabi/lib/thumb/v7e-m+fp/hard/libc_nano.a(libc_a-memset.o)
 .debug_loclists
                0x00000227      0x9e4 /usr/lib/gcc/arm-none-eabi/13.2.1/thumb/v7e-m+fp/hard/libgcc.a(_udivmoddi4.o)

.debug_line_str
                0x00000000      0x13c
 .debug_line_str
                0x00000000      0x13c /usr/lib/gcc/arm-none-eabi/13.2.1/../../../arm-none-eabi/lib/thumb/v7e-m+fp/hard/libc_nano.a(libc_a-memcpy.o)
                                 0x99 (size before relaxing)
 .debug_line_str
                0x0000013c       0x97 /usr/lib/gcc/arm-none-eabi/13.2.1/thumb/v7e-m+fp/hard/libgcc.a(_aeabi_uldivmod.o)
 .debug_line_str
                0x0000013c       0x9b /usr/lib/gcc/arm-none-eabi/13.2.1/thumb/v7e-m+fp/hard/libgcc.a(_dvmd_tls.o)

.debug_rnglists
                0x00000000       0x84
 .debug_rnglists